 CGMRES_sfun

 Timestamp is 60804c1f (Wed Apr 21 18:00:31 2021)

 Preferred load address is 0000000180000000

 Start         Length     Name                   Class
 0001:00000000 0002d6ebH .text$mn                CODE
 0001:0002d6f0 00000012H .text$mn$00             CODE
 0001:0002d702 00000081H .text$x                 CODE
 0002:00000000 00000518H .idata$5                DATA
 0002:00000518 00000010H .00cfg                  DATA
 0002:00000528 00000008H .CRT$XCA                DATA
 0002:00000530 00000008H .CRT$XCZ                DATA
 0002:00000538 00000008H .CRT$XIA                DATA
 0002:00000540 00000008H .CRT$XIZ                DATA
 0002:00000548 00000008H .CRT$XPA                DATA
 0002:00000550 00000008H .CRT$XPZ                DATA
 0002:00000558 00000008H .CRT$XTA                DATA
 0002:00000560 00000008H .CRT$XTZ                DATA
 0002:00000568 00000000H .gfids$x                DATA
 0002:00000570 000001d4H .rdata                  DATA
 0002:00000744 00000218H .rdata$zzzdbg           DATA
 0002:00000960 00000008H .rtc$IAA                DATA
 0002:00000968 00000008H .rtc$IZZ                DATA
 0002:00000970 00000008H .rtc$TAA                DATA
 0002:00000978 00000008H .rtc$TZZ                DATA
 0002:00000980 00000f54H .xdata                  DATA
 0002:000018e0 00000075H .edata                  DATA
 0002:00001958 00000140H .idata$2                DATA
 0002:00001a98 00000014H .idata$3                DATA
 0002:00001ab0 00000518H .idata$4                DATA
 0002:00001fc8 00000d62H .idata$6                DATA
 0003:00000000 00005df4H .data                   DATA
 0003:00005e00 00000a90H .bss                    DATA
 0004:00000000 000012fcH .pdata                  DATA

  Address         Publics by Value              Rva+Base               Lib:Object

 0000:00000000       ___safe_se_handler_table   0000000000000000     <absolute>
 0000:00000000       __guard_fids_count         0000000000000000     <absolute>
 0000:00000000       __guard_fids_table         0000000000000000     <absolute>
 0000:00000000       ___safe_se_handler_count   0000000000000000     <absolute>
 0000:00000100       __guard_flags              0000000000000100     <absolute>
 0000:00000000       __ImageBase                0000000180000000     <linker-defined>
 0001:00000000       CGMRES_initializer         0000000180001000 f   CGMRES_sfun.obj
 0001:00000010       CGMRES_terminator          0000000180001010 f   CGMRES_sfun.obj
 0001:00000020       load_CGMRES_optimization_info 0000000180001020 f   CGMRES_sfun.obj
 0001:000000d0       unload_CGMRES_optimization_info 00000001800010d0 f   CGMRES_sfun.obj
 0001:00000100       sf_CGMRES_method_dispatcher 0000000180001100 f   CGMRES_sfun.obj
 0001:00000150       sf_CGMRES_process_check_sum_call 0000000180001150 f   CGMRES_sfun.obj
 0001:00000640       sf_CGMRES_get_eml_resolved_functions_info 0000000180001640 f   CGMRES_sfun.obj
 0001:00000820       sf_CGMRES_third_party_uses_info 0000000180001820 f   CGMRES_sfun.obj
 0001:000009f0       sf_CGMRES_jit_fallback_info 00000001800019f0 f   CGMRES_sfun.obj
 0001:00000bc0       sf_CGMRES_get_post_codegen_info 0000000180001bc0 f   CGMRES_sfun.obj
 0001:00000da0       sf_CGMRES_updateBuildInfo_args_info 0000000180001da0 f   CGMRES_sfun.obj
 0001:00000f70       CGMRES_register_exported_symbols 0000000180001f70 f   CGMRES_sfun.obj
 0001:00000f80       sf_c8_CGMRES_get_eml_resolved_functions_info 0000000180001f80 f   c8_CGMRES.obj
 0001:00001020       sf_c8_CGMRES_get_check_sum 0000000180002020 f   c8_CGMRES.obj
 0001:000010f0       c8_CGMRES_method_dispatcher 00000001800020f0 f   c8_CGMRES.obj
 0001:00007c50       sf_c8_CGMRES_third_party_uses_info 0000000180008c50 f   c8_CGMRES.obj
 0001:00007cd0       sf_c8_CGMRES_jit_fallback_info 0000000180008cd0 f   c8_CGMRES.obj
 0001:00007e60       sf_c8_CGMRES_updateBuildInfo_args_info 0000000180008e60 f   c8_CGMRES.obj
 0001:000081c0       sf_c8_CGMRES_get_post_codegen_info 00000001800091c0 f   c8_CGMRES.obj
 0001:00008670       mexFunction                0000000180009670 f   CGMRES_sfun_registry.obj
 0001:0000ac10       _ssSetInputPortDirectFeedThroughFcn 000000018000bc10 f   CGMRES_sfun_registry.obj
 0001:0000ad80       _ssSetRWorkValueFcn        000000018000bd80 f   CGMRES_sfun_registry.obj
 0001:0000ae00       _ssGetRWorkValueFcn        000000018000be00 f   CGMRES_sfun_registry.obj
 0001:0000ae70       _ssSetIWorkValueFcn        000000018000be70 f   CGMRES_sfun_registry.obj
 0001:0000aef0       _ssGetIWorkValueFcn        000000018000bef0 f   CGMRES_sfun_registry.obj
 0001:0000af60       _ssSetPWorkValueFcn        000000018000bf60 f   CGMRES_sfun_registry.obj
 0001:0000afe0       _ssGetPWorkValueFcn        000000018000bfe0 f   CGMRES_sfun_registry.obj
 0001:0000b050       _ssGetInputPortSignalFcn   000000018000c050 f   CGMRES_sfun_registry.obj
 0001:0000b3e0       _ssGetInputPortBufferDstPortFcn 000000018000c3e0 f   CGMRES_sfun_registry.obj
 0001:0000b460       _ssGetInputPortSignalPtrsFcn 000000018000c460 f   CGMRES_sfun_registry.obj
 0001:0000b7f0       ssGetParameterTuningCompliance 000000018000c7f0 f   CGMRES_sfun_registry.obj
 0001:0000b860       ssGetDTypeIdFromMxArray    000000018000c860 f   CGMRES_sfun_registry.obj
 0001:0000b980       ssWriteRTWMx2dMatParam     000000018000c980 f   CGMRES_sfun_registry.obj
 0001:0000ba10       ssWriteRTWMxVectParam      000000018000ca10 f   CGMRES_sfun_registry.obj
 0001:0000ba90       ssWriteRTWParameters       000000018000ca90 f   CGMRES_sfun_registry.obj
 0001:0000c050       ssWriteRTWParamSettings    000000018000d050 f   CGMRES_sfun_registry.obj
 0001:0000c740       ssWriteRTWStr              000000018000d740 f   CGMRES_sfun_registry.obj
 0001:0000c7a0       ssWriteRTWWorkVect         000000018000d7a0 f   CGMRES_sfun_registry.obj
 0001:0000cd00       ssWarning                  000000018000dd00 f   CGMRES_sfun_registry.obj
 0001:0000cdf0       ssWriteRTWNameValuePair    000000018000ddf0 f   CGMRES_sfun_registry.obj
 0001:0000d2f0       _ssSetInputPortMatrixDimensions 000000018000e2f0 f   CGMRES_sfun_registry.obj
 0001:0000d410       _ssSetOutputPortMatrixDimensions 000000018000e410 f   CGMRES_sfun_registry.obj
 0001:0000d530       _ssSetInputPortVectorDimension 000000018000e530 f   CGMRES_sfun_registry.obj
 0001:0000d5e0       _ssSetOutputPortVectorDimension 000000018000e5e0 f   CGMRES_sfun_registry.obj
 0001:0000d690       ssIsRunTimeParamTunable    000000018000e690 f   CGMRES_sfun_registry.obj
 0001:0000d700       ssGetSFuncBlockHandle      000000018000e700 f   CGMRES_sfun_registry.obj
 0001:0000d770       _ssGetCurrentInputPortWidth 000000018000e770 f   CGMRES_sfun_registry.obj
 0001:0000d890       _ssGetCurrentOutputPortWidth 000000018000e890 f   CGMRES_sfun_registry.obj
 0001:0000d9b0       _ssGetCallSystemNumFcnCallDestinations 000000018000e9b0 f   CGMRES_sfun_registry.obj
 0001:0000da20       ssGetIsZeroCrossControlDisabled 000000018000ea20 f   CGMRES_sfun_registry.obj
 0001:0000da90       ssSetIsInputPortUsedForContZcSignal 000000018000ea90 f   CGMRES_sfun_registry.obj
 0001:0000db00       ssSetZcSignalIsZcElementDisc 000000018000eb00 f   CGMRES_sfun_registry.obj
 0001:0000dbb0       ssSetZcSignalName          000000018000ebb0 f   CGMRES_sfun_registry.obj
 0001:0000dc20       ssSetZcSignalWidth         000000018000ec20 f   CGMRES_sfun_registry.obj
 0001:0000dc90       ssSetZcSignalZcEventType   000000018000ec90 f   CGMRES_sfun_registry.obj
 0001:0000dd00       ssSetZcSignalType          000000018000ed00 f   CGMRES_sfun_registry.obj
 0001:0000dd70       ssSetZcSignalZcTol         000000018000ed70 f   CGMRES_sfun_registry.obj
 0001:0000dde0       ssSetZcSignalNeedsEventNotification 000000018000ede0 f   CGMRES_sfun_registry.obj
 0001:0000de50       ssCreateAndAddZcSignalInfo 000000018000ee50 f   CGMRES_sfun_registry.obj
 0001:0000dec0       ssCloneAndAddZcSignalInfo  000000018000eec0 f   CGMRES_sfun_registry.obj
 0001:0000df30       ssGetNumZcSignals          000000018000ef30 f   CGMRES_sfun_registry.obj
 0001:0000dfa0       ssGetZcSignalVector        000000018000efa0 f   CGMRES_sfun_registry.obj
 0001:0000e010       ssGetZcSignalName          000000018000f010 f   CGMRES_sfun_registry.obj
 0001:0000e080       ssGetZcSignalWidth         000000018000f080 f   CGMRES_sfun_registry.obj
 0001:0000e0f0       ssGetZcSignalZcEventType   000000018000f0f0 f   CGMRES_sfun_registry.obj
 0001:0000e160       ssGetZcSignalZcEvents      000000018000f160 f   CGMRES_sfun_registry.obj
 0001:0000e1d0       ssGetZcSignalType          000000018000f1d0 f   CGMRES_sfun_registry.obj
 0001:0000e240       ssGetZcSignalZcTol         000000018000f240 f   CGMRES_sfun_registry.obj
 0001:0000e2c0       ssGetZcSignalNeedsEventNotification 000000018000f2c0 f   CGMRES_sfun_registry.obj
 0001:0000e330       ssGetZcSignalIsZcElementDisc 000000018000f330 f   CGMRES_sfun_registry.obj
 0001:0000e3d0       ssGetIsInputPortElementContinuous 000000018000f3d0 f   CGMRES_sfun_registry.obj
 0001:0000e470       _ssGetAbsTol               000000018000f470 f   CGMRES_sfun_registry.obj
 0001:0000e4e0       _ssSetStateAbsTol          000000018000f4e0 f   CGMRES_sfun_registry.obj
 0001:0000e5c0       _ssSetInputPortReusableFcn 000000018000f5c0 f   CGMRES_sfun_registry.obj
 0001:0000e6c0       _ssSetOutputPortReusableFcn 000000018000f6c0 f   CGMRES_sfun_registry.obj
 0001:0000e7c0       _ssSetSymbolicDimsSupport  000000018000f7c0 f   CGMRES_sfun_registry.obj
 0001:0000e830       _ssRegisterSymbolicDimsExpr 000000018000f830 f   CGMRES_sfun_registry.obj
 0001:0000e8b0       _ssRegisterSymbolicDims    000000018000f8b0 f   CGMRES_sfun_registry.obj
 0001:0000e950       _ssRegisterSymbolicDimsString 000000018000f950 f   CGMRES_sfun_registry.obj
 0001:0000e9d0       _ssRegisterSymbolicDimsIntValue 000000018000f9d0 f   CGMRES_sfun_registry.obj
 0001:0000ea40       _ssRegisterSymbolicDimsPlus 000000018000fa40 f   CGMRES_sfun_registry.obj
 0001:0000eac0       _ssRegisterSymbolicDimsMinus 000000018000fac0 f   CGMRES_sfun_registry.obj
 0001:0000eb40       _ssRegisterSymbolicDimsMultiply 000000018000fb40 f   CGMRES_sfun_registry.obj
 0001:0000ebc0       _ssRegisterSymbolicDimsDivide 000000018000fbc0 f   CGMRES_sfun_registry.obj
 0001:0000ec40       _ssGetNumSymbolicDims      000000018000fc40 f   CGMRES_sfun_registry.obj
 0001:0000ecb0       _ssGetSymbolicDim          000000018000fcb0 f   CGMRES_sfun_registry.obj
 0001:0000ed30       _ssSetInputPortSymbolicDimsId 000000018000fd30 f   CGMRES_sfun_registry.obj
 0001:0000eda0       _ssGetCompInputPortSymbolicDimsId 000000018000fda0 f   CGMRES_sfun_registry.obj
 0001:0000ee10       _ssSetCompInputPortSymbolicDimsId 000000018000fe10 f   CGMRES_sfun_registry.obj
 0001:0000ee80       _ssSetOutputPortSymbolicDimsId 000000018000fe80 f   CGMRES_sfun_registry.obj
 0001:0000eef0       _ssGetCompOutputPortSymbolicDimsId 000000018000fef0 f   CGMRES_sfun_registry.obj
 0001:0000ef60       _ssSetCompOutputPortSymbolicDimsId 000000018000ff60 f   CGMRES_sfun_registry.obj
 0001:0000efd0       _ssSetCompDWorkSymbolicDimsId 000000018000ffd0 f   CGMRES_sfun_registry.obj
 0001:0000f040       sf_process_check_sum_call  0000000180010040 f   CGMRES_sfun_registry.obj
 0001:0000f090       sf_process_get_third_party_uses_info_call 0000000180010090 f   CGMRES_sfun_registry.obj
 0001:0000f2c0       sf_process_get_jit_fallback_info_call 00000001800102c0 f   CGMRES_sfun_registry.obj
 0001:0000f4f0       sf_process_get_post_codegen_info_call 00000001800104f0 f   CGMRES_sfun_registry.obj
 0001:0000f720       sf_process_get_updateBuildInfo_args_info_call 0000000180010720 f   CGMRES_sfun_registry.obj
 0001:0000f950       sf_process_get_eml_resolved_functions_info_call 0000000180010950 f   CGMRES_sfun_registry.obj
 0001:0000fb80       sf_mex_unlock_call         0000000180010b80 f   CGMRES_sfun_registry.obj
 0001:0000fda0       sf_machine_global_initializer_called 0000000180010da0 f   CGMRES_sfun_registry.obj
 0001:0000fdd0       sf_machine_global_method_dispatcher 0000000180010dd0 f   CGMRES_sfun_registry.obj
 0001:0000fe30       sf_machine_global_terminator 0000000180010e30 f   CGMRES_sfun_registry.obj
 0001:0000fe60       sf_register_machine_exported_symbols 0000000180010e60 f   CGMRES_sfun_registry.obj
 0001:0000fe80       callCustomFcn              0000000180010e80 f   CGMRES_sfun_registry.obj
 0001:0000fe90       sf_machine_global_initializer 0000000180010e90 f   CGMRES_sfun_registry.obj
 0001:0000ff00       mdlGetSimState             0000000180010f00 f   CGMRES_sfun_registry.obj
 0001:0000ff40       mdlSetSimState             0000000180010f40 f   CGMRES_sfun_registry.obj
 0001:000107b0       ProcessMexSfunctionEveryCall 00000001800117b0 f   CGMRES_sfun_registry.obj
 0001:000118c0       __local_stdio_printf_options 00000001800128c0 f i CGMRES_sfun_registry.obj
 0001:000118d0       _vsnprintf_l               00000001800128d0 f i CGMRES_sfun_registry.obj
 0001:00011950       _vsprintf_l                0000000180012950 f i CGMRES_sfun_registry.obj
 0001:000119a0       sprintf                    00000001800129a0 f i CGMRES_sfun_registry.obj
 0001:000119f0       mexfilerequiredapiversion  00000001800129f0 f   c_mexapi_version.obj
 0001:00011a20       cs_di_add                  0000000180012a20 f   cs_add_ri.obj
 0001:00011dd0       cs_ci_add                  0000000180012dd0 f   cs_add_ci.obj
 0001:000121d0       cs_di_amd                  00000001800131d0 f   cs_amd_ri.obj
 0001:00013ec0       cs_ci_amd                  0000000180014ec0 f   cs_amd_ci.obj
 0001:00015be0       cs_di_chol                 0000000180016be0 f   cs_chol_ri.obj
 0001:00016270       cs_ci_chol                 0000000180017270 f   cs_chol_ci.obj
 0001:00016be0       cs_di_cholsol              0000000180017be0 f   cs_cholsol_ri.obj
 0001:00016d20       cs_ci_cholsol              0000000180017d20 f   cs_cholsol_ci.obj
 0001:00016e60       cs_di_counts               0000000180017e60 f   cs_counts_ri.obj
 0001:000175d0       cs_ci_counts               00000001800185d0 f   cs_counts_ci.obj
 0001:00017d40       cs_di_cumsum               0000000180018d40 f   cs_cumsum_ri.obj
 0001:00017e20       cs_ci_cumsum               0000000180018e20 f   cs_cumsum_ci.obj
 0001:00017f00       cs_di_dfs                  0000000180018f00 f   cs_dfs_ri.obj
 0001:00018180       cs_ci_dfs                  0000000180019180 f   cs_dfs_ci.obj
 0001:00018400       cs_di_dmperm               0000000180019400 f   cs_dmperm_ri.obj
 0001:000191e0       cs_ci_dmperm               000000018001a1e0 f   cs_dmperm_ci.obj
 0001:00019fc0       cs_di_droptol              000000018001afc0 f   cs_droptol_ri.obj
 0001:0001a040       cs_ci_droptol              000000018001b040 f   cs_droptol_ci.obj
 0001:0001a0d0       cs_di_dropzeros            000000018001b0d0 f   cs_dropzeros_ri.obj
 0001:0001a150       cs_ci_dropzeros            000000018001b150 f   cs_dropzeros_ci.obj
 0001:0001a200       cs_di_dupl                 000000018001b200 f   cs_dupl_ri.obj
 0001:0001a420       cs_ci_dupl                 000000018001b420 f   cs_dupl_ci.obj
 0001:0001a6d0       cs_di_entry                000000018001b6d0 f   cs_entry_ri.obj
 0001:0001a820       cs_ci_entry                000000018001b820 f   cs_entry_ci.obj
 0001:0001a980       cs_di_etree                000000018001b980 f   cs_etree_ri.obj
 0001:0001ac20       cs_ci_etree                000000018001bc20 f   cs_etree_ci.obj
 0001:0001aec0       cs_di_fkeep                000000018001bec0 f   cs_fkeep_ri.obj
 0001:0001b080       cs_ci_fkeep                000000018001c080 f   cs_fkeep_ci.obj
 0001:0001b290       cs_di_gaxpy                000000018001c290 f   cs_gaxpy_ri.obj
 0001:0001b3d0       cs_ci_gaxpy                000000018001c3d0 f   cs_gaxpy_ci.obj
 0001:0001b5c0       cs_di_happly               000000018001c5c0 f   cs_happly_ri.obj
 0001:0001b760       cs_ci_happly               000000018001c760 f   cs_happly_ci.obj
 0001:0001bb00       cs_di_house                000000018001cb00 f   cs_house_ri.obj
 0001:0001bcf0       cs_ci_house                000000018001ccf0 f   cs_house_ci.obj
 0001:0001c2a0       cs_di_ipvec                000000018001d2a0 f   cs_ipvec_ri.obj
 0001:0001c340       cs_ci_ipvec                000000018001d340 f   cs_ipvec_ci.obj
 0001:0001c3f0       cs_di_load                 000000018001d3f0 f   cs_load_ri.obj
 0001:0001c4a0       __local_stdio_scanf_options 000000018001d4a0 f i cs_load_ri.obj
 0001:0001c4b0       _vfscanf_l                 000000018001d4b0 f i cs_load_ri.obj
 0001:0001c500       fscanf                     000000018001d500 f i cs_load_ri.obj
 0001:0001c550       cs_ci_load                 000000018001d550 f   cs_load_ci.obj
 0001:0001c640       cs_di_lsolve               000000018001d640 f   cs_lsolve_ri.obj
 0001:0001c7b0       cs_ci_lsolve               000000018001d7b0 f   cs_lsolve_ci.obj
 0001:0001ca20       cs_di_ltsolve              000000018001da20 f   cs_ltsolve_ri.obj
 0001:0001cb80       cs_ci_ltsolve              000000018001db80 f   cs_ltsolve_ci.obj
 0001:0001ce30       cs_di_lu                   000000018001de30 f   cs_lu_ri.obj
 0001:0001d640       cs_ci_lu                   000000018001e640 f   cs_lu_ci.obj
 0001:0001df70       cs_di_lusol                000000018001ef70 f   cs_lusol_ri.obj
 0001:0001e0c0       cs_ci_lusol                000000018001f0c0 f   cs_lusol_ci.obj
 0001:0001e210       cs_di_calloc               000000018001f210 f   cs_malloc_ri.obj
 0001:0001e260       cs_di_free                 000000018001f260 f   cs_malloc_ri.obj
 0001:0001e290       cs_di_realloc              000000018001f290 f   cs_malloc_ri.obj
 0001:0001e340       cs_di_malloc               000000018001f340 f   cs_malloc_ri.obj
 0001:0001e380       cs_ci_calloc               000000018001f380 f   cs_malloc_ci.obj
 0001:0001e3d0       cs_ci_free                 000000018001f3d0 f   cs_malloc_ci.obj
 0001:0001e400       cs_ci_realloc              000000018001f400 f   cs_malloc_ci.obj
 0001:0001e4b0       cs_ci_malloc               000000018001f4b0 f   cs_malloc_ci.obj
 0001:0001e4f0       cs_di_maxtrans             000000018001f4f0 f   cs_maxtrans_ri.obj
 0001:0001eef0       cs_ci_maxtrans             000000018001fef0 f   cs_maxtrans_ci.obj
 0001:0001f8f0       cs_di_multiply             00000001800208f0 f   cs_multiply_ri.obj
 0001:0001fd20       cs_ci_multiply             0000000180020d20 f   cs_multiply_ci.obj
 0001:00020190       cs_di_norm                 0000000180021190 f   cs_norm_ri.obj
 0001:000202d0       cs_ci_norm                 00000001800212d0 f   cs_norm_ci.obj
 0001:00020430       cs_di_permute              0000000180021430 f   cs_permute_ri.obj
 0001:000206c0       cs_ci_permute              00000001800216c0 f   cs_permute_ci.obj
 0001:00020960       cs_di_pinv                 0000000180021960 f   cs_pinv_ri.obj
 0001:000209e0       cs_ci_pinv                 00000001800219e0 f   cs_pinv_ci.obj
 0001:00020a60       cs_di_post                 0000000180021a60 f   cs_post_ri.obj
 0001:00020c30       cs_ci_post                 0000000180021c30 f   cs_post_ci.obj
 0001:00020e00       cs_di_print                0000000180021e00 f   cs_print_ri.obj
 0001:000211c0       cs_ci_print                00000001800221c0 f   cs_print_ci.obj
 0001:00021690       cs_di_pvec                 0000000180022690 f   cs_pvec_ri.obj
 0001:00021730       cs_ci_pvec                 0000000180022730 f   cs_pvec_ci.obj
 0001:000217e0       cs_di_qr                   00000001800227e0 f   cs_qr_ri.obj
 0001:00022010       cs_ci_qr                   0000000180023010 f   cs_qr_ci.obj
 0001:00022910       cs_di_qrsol                0000000180023910 f   cs_qrsol_ri.obj
 0001:00022c50       cs_ci_qrsol                0000000180023c50 f   cs_qrsol_ci.obj
 0001:00022f90       cs_di_scatter              0000000180023f90 f   cs_scatter_ri.obj
 0001:00023160       cs_ci_scatter              0000000180024160 f   cs_scatter_ci.obj
 0001:00023420       cs_di_scc                  0000000180024420 f   cs_scc_ri.obj
 0001:00023850       cs_ci_scc                  0000000180024850 f   cs_scc_ci.obj
 0001:00023c80       cs_di_schol                0000000180024c80 f   cs_schol_ri.obj
 0001:00023e40       cs_ci_schol                0000000180024e40 f   cs_schol_ci.obj
 0001:00024000       cs_di_sqr                  0000000180025000 f   cs_sqr_ri.obj
 0001:00024810       cs_ci_sqr                  0000000180025810 f   cs_sqr_ci.obj
 0001:00025020       cs_di_symperm              0000000180026020 f   cs_symperm_ri.obj
 0001:000254a0       cs_ci_symperm              00000001800264a0 f   cs_symperm_ci.obj
 0001:00025960       cs_di_tdfs                 0000000180026960 f   cs_tdfs_ri.obj
 0001:00025a60       cs_ci_tdfs                 0000000180026a60 f   cs_tdfs_ci.obj
 0001:00025b60       cs_di_transpose            0000000180026b60 f   cs_transpose_ri.obj
 0001:00025e50       cs_ci_transpose            0000000180026e50 f   cs_transpose_ci.obj
 0001:00026180       cs_di_compress             0000000180027180 f   cs_compress_ri.obj
 0001:000263f0       cs_ci_compress             00000001800273f0 f   cs_compress_ci.obj
 0001:00026670       cs_di_updown               0000000180027670 f   cs_updown_ri.obj
 0001:00026c90       cs_ci_updown               0000000180027c90 f   cs_updown_ci.obj
 0001:00027850       cs_di_usolve               0000000180028850 f   cs_usolve_ri.obj
 0001:000279c0       cs_ci_usolve               00000001800289c0 f   cs_usolve_ci.obj
 0001:00027c30       cs_di_utsolve              0000000180028c30 f   cs_utsolve_ri.obj
 0001:00027da0       cs_ci_utsolve              0000000180028da0 f   cs_utsolve_ci.obj
 0001:00028060       cs_di_spalloc              0000000180029060 f   cs_util_ri.obj
 0001:000281e0       cs_di_spfree               00000001800291e0 f   cs_util_ri.obj
 0001:00028240       cs_di_sprealloc            0000000180029240 f   cs_util_ri.obj
 0001:000283c0       cs_di_sfree                00000001800293c0 f   cs_util_ri.obj
 0001:00028430       cs_di_nfree                0000000180029430 f   cs_util_ri.obj
 0001:000284a0       cs_di_dfree                00000001800294a0 f   cs_util_ri.obj
 0001:00028510       cs_di_dalloc               0000000180029510 f   cs_util_ri.obj
 0001:00028600       cs_di_done                 0000000180029600 f   cs_util_ri.obj
 0001:00028660       cs_di_idone                0000000180029660 f   cs_util_ri.obj
 0001:000286c0       cs_di_ndone                00000001800296c0 f   cs_util_ri.obj
 0001:00028730       cs_di_ddone                0000000180029730 f   cs_util_ri.obj
 0001:00028790       cs_ci_spalloc              0000000180029790 f   cs_util_ci.obj
 0001:00028910       cs_ci_spfree               0000000180029910 f   cs_util_ci.obj
 0001:00028970       cs_ci_sprealloc            0000000180029970 f   cs_util_ci.obj
 0001:00028af0       cs_ci_sfree                0000000180029af0 f   cs_util_ci.obj
 0001:00028b60       cs_ci_nfree                0000000180029b60 f   cs_util_ci.obj
 0001:00028bd0       cs_ci_dfree                0000000180029bd0 f   cs_util_ci.obj
 0001:00028c40       cs_ci_dalloc               0000000180029c40 f   cs_util_ci.obj
 0001:00028d30       cs_ci_done                 0000000180029d30 f   cs_util_ci.obj
 0001:00028d90       cs_ci_idone                0000000180029d90 f   cs_util_ci.obj
 0001:00028df0       cs_ci_ndone                0000000180029df0 f   cs_util_ci.obj
 0001:00028e60       cs_ci_ddone                0000000180029e60 f   cs_util_ci.obj
 0001:00028ec0       cs_di_reach                0000000180029ec0 f   cs_reach_ri.obj
 0001:00029060       cs_ci_reach                000000018002a060 f   cs_reach_ci.obj
 0001:00029200       cs_di_spsolve              000000018002a200 f   cs_spsolve_ri.obj
 0001:000295b0       cs_ci_spsolve              000000018002a5b0 f   cs_spsolve_ci.obj
 0001:00029a80       cs_di_ereach               000000018002aa80 f   cs_ereach_ri.obj
 0001:00029c90       cs_ci_ereach               000000018002ac90 f   cs_ereach_ci.obj
 0001:00029ea0       cs_di_leaf                 000000018002aea0 f   cs_leaf_ri.obj
 0001:0002a010       cs_ci_leaf                 000000018002b010 f   cs_leaf_ci.obj
 0001:0002a180       cs_di_randperm             000000018002b180 f   cs_randperm_ri.obj
 0001:0002a2a0       cs_ci_randperm             000000018002b2a0 f   cs_randperm_ci.obj
 0001:0002a3c0       cs_di_divcc                000000018002b3c0 f   cs_operator_ri.obj
 0001:0002a3e0       cs_di_mulcc                000000018002b3e0 f   cs_operator_ri.obj
 0001:0002a400       cs_di_subcc                000000018002b400 f   cs_operator_ri.obj
 0001:0002a420       cs_di_pluscc               000000018002b420 f   cs_operator_ri.obj
 0001:0002a440       cs_di_equalcc              000000018002b440 f   cs_operator_ri.obj
 0001:0002a480       cs_di_createFromDouble     000000018002b480 f   cs_operator_ri.obj
 0001:0002a4a0       cs_di_sqrt                 000000018002b4a0 f   cs_operator_ri.obj
 0001:0002a4c0       cs_di_flipSign             000000018002b4c0 f   cs_operator_ri.obj
 0001:0002a4e0       cs_di_muldc                000000018002b4e0 f   cs_operator_ri.obj
 0001:0002a500       cs_ci_divcc                000000018002b500 f   cs_operator_ci.obj
 0001:0002a9a0       cs_ci_mulcc                000000018002b9a0 f   cs_operator_ci.obj
 0001:0002abb0       cs_ci_subcc                000000018002bbb0 f   cs_operator_ci.obj
 0001:0002acc0       cs_ci_pluscc               000000018002bcc0 f   cs_operator_ci.obj
 0001:0002add0       cs_ci_equalcc              000000018002bdd0 f   cs_operator_ci.obj
 0001:0002aec0       cs_ci_createFromDouble     000000018002bec0 f   cs_operator_ci.obj
 0001:0002af10       cs_ci_sqrt                 000000018002bf10 f   cs_operator_ci.obj
 0001:0002af80       cs_ci_flipSign             000000018002bf80 f   cs_operator_ci.obj
 0001:0002b030       cs_ci_muldc                000000018002c030 f   cs_operator_ci.obj
 0001:0002b080       solve_from_lu_di           000000018002c080 f   solve_from_lu.obj
 0001:0002b130       solve_from_lu_ci           000000018002c130 f   solve_from_lu.obj
 0001:0002b1d0       solve_from_qr_di           000000018002c1d0 f   solve_from_qr.obj
 0001:0002b370       qr_rank_di                 000000018002c370 f   solve_from_qr.obj
 0001:0002b5c0       solve_from_qr_ci           000000018002c5c0 f   solve_from_qr.obj
 0001:0002b760       qr_rank_ci                 000000018002c760 f   solve_from_qr.obj
 0001:0002b9e0       makeCXSparseMatrix         000000018002c9e0 f   makeCXSparseMatrix.obj
 0001:0002baf0       makeComplexCXSparseMatrix  000000018002caf0 f   makeCXSparseMatrix.obj
 0001:0002bc00       unpackCXSparse_ci          000000018002cc00 f   unpackCXStruct.obj
 0001:0002bdd0       getNZmax_ci                000000018002cdd0 f   unpackCXStruct.obj
 0001:0002bdf0       getNNZ_ci                  000000018002cdf0 f   unpackCXStruct.obj
 0001:0002be20       getM_ci                    000000018002ce20 f   unpackCXStruct.obj
 0001:0002be40       getN_ci                    000000018002ce40 f   unpackCXStruct.obj
 0001:0002be60       getCholPointer_ci          000000018002ce60 f   unpackCXStruct.obj
 0001:0002be80       unpackCXSparse_di          000000018002ce80 f   unpackCXStruct.obj
 0001:0002bfb0       getNZmax_di                000000018002cfb0 f   unpackCXStruct.obj
 0001:0002bfd0       getNNZ_di                  000000018002cfd0 f   unpackCXStruct.obj
 0001:0002c000       getM_di                    000000018002d000 f   unpackCXStruct.obj
 0001:0002c020       getN_di                    000000018002d020 f   unpackCXStruct.obj
 0001:0002c040       getCholPointer_di          000000018002d040 f   unpackCXStruct.obj
 0001:0002c04e       dgemm                      000000018002d04e f   libmwblas:libmwblas.dll
 0001:0002c054       sf_load_rtw_optimization_info 000000018002d054 f   sf_runtime:sf_runtime.dll
 0001:0002c05a       sf_mex_decode              000000018002d05a f   sf_runtime:sf_runtime.dll
 0001:0002c060       sf_init_ChartRunTimeInfo   000000018002d060 f   sf_runtime:sf_runtime.dll
 0001:0002c066       sf_free_ChartRunTimeInfo   000000018002d066 f   sf_runtime:sf_runtime.dll
 0001:0002c06c       sfrtGetEmlrtCtx            000000018002d06c f   sf_runtime:sf_runtime.dll
 0001:0002c072       sfrtGetCovrtInstance       000000018002d072 f   sf_runtime:sf_runtime.dll
 0001:0002c078       sf_get_chart_instance_ptr  000000018002d078 f   sf_runtime:sf_runtime.dll
 0001:0002c07e       sim_mode_is_rtw_gen        000000018002d07e f   sf_runtime:sf_runtime.dll
 0001:0002c084       sim_mode_is_external       000000018002d084 f   sf_runtime:sf_runtime.dll
 0001:0002c08a       sf_mex_listen_for_ctrl_c   000000018002d08a f   sf_runtime:sf_runtime.dll
 0001:0002c090       sf_clear_rtw_identifier    000000018002d090 f   sf_runtime:sf_runtime.dll
 0001:0002c096       sf_get_time                000000018002d096 f   sf_runtime:sf_runtime.dll
 0001:0002c09c       sfDoAnimationWrapper       000000018002d09c f   sf_runtime:sf_runtime.dll
 0001:0002c0a2       setDataBrowseFcn           000000018002d0a2 f   sf_runtime:sf_runtime.dll
 0001:0002c0a8       setLegacyDebuggerFlag      000000018002d0a8 f   sf_runtime:sf_runtime.dll
 0001:0002c0ae       setDebuggerFlag            000000018002d0ae f   sf_runtime:sf_runtime.dll
 0001:0002c0b4       sf_warn_if_symbolic_dimension_param_changed 000000018002d0b4 f   sf_runtime:sf_runtime.dll
 0001:0002c0ba       sf_set_work_widths         000000018002d0ba f   sf_runtime:sf_runtime.dll
 0001:0002c0c0       sfListenerCacheSimStruct   000000018002d0c0 f   sf_runtime:sf_runtime.dll
 0001:0002c0c6       sfListenerLightTerminate   000000018002d0c6 f   sf_runtime:sf_runtime.dll
 0001:0002c0cc       sf_mex_printf              000000018002d0cc f   sf_runtime:sf_runtime.dll
 0001:0002c0d2       sf_mex_call                000000018002d0d2 f   sf_runtime:sf_runtime.dll
 0001:0002c0d8       sf_mex_error_message       000000018002d0d8 f   sf_runtime:sf_runtime.dll
 0001:0002c0de       sf_mex_create              000000018002d0de f   sf_runtime:sf_runtime.dll
 0001:0002c0e4       sf_mex_createcellmatrix    000000018002d0e4 f   sf_runtime:sf_runtime.dll
 0001:0002c0ea       sf_mex_setcell             000000018002d0ea f   sf_runtime:sf_runtime.dll
 0001:0002c0f0       sf_mex_getcell             000000018002d0f0 f   sf_runtime:sf_runtime.dll
 0001:0002c0f6       sf_mex_assign              000000018002d0f6 f   sf_runtime:sf_runtime.dll
 0001:0002c0fc       sf_mex_dup                 000000018002d0fc f   sf_runtime:sf_runtime.dll
 0001:0002c102       sf_mex_destroy             000000018002d102 f   sf_runtime:sf_runtime.dll
 0001:0002c108       sf_mex_import              000000018002d108 f   sf_runtime:sf_runtime.dll
 0001:0002c10e       ssGetInputPortSignal_wrapper 000000018002d10e f   sf_runtime:sf_runtime.dll
 0001:0002c114       ssGetOutputPortSignal_wrapper 000000018002d114 f   sf_runtime:sf_runtime.dll
 0001:0002c11a       sf_data_overflow_error     000000018002d11a f   sf_runtime:sf_runtime.dll
 0001:0002c120       sf_get_ChartInfoStruct_CodeGen 000000018002d120 f   sf_runtime:sf_runtime.dll
 0001:0002c126       sf_get_hasSeparateUpdateOutputs 000000018002d126 f   sf_runtime:sf_runtime.dll
 0001:0002c12c       callMdlMethodAndReportError 000000018002d12c f   sf_runtime:sf_runtime.dll
 0001:0002c132       call_sf_machine_global_method_dispatcher 000000018002d132 f   sf_runtime:sf_runtime.dll
 0001:0002c138       getRuntimeInstanceInfoAsVoid 000000018002d138 f   sf_runtime:sf_runtime.dll
 0001:0002c13e       sf_mex_error_direct_call   000000018002d13e f   sf_runtime:sf_runtime.dll
 0001:0002c144       sf_clear_error_manager_info 000000018002d144 f   sf_runtime:sf_runtime.dll
 0001:0002c14a       mxIsChar_800               000000018002d14a f   libmx:libmx.dll
 0001:0002c150       mxGetScalar_800            000000018002d150 f   libmx:libmx.dll
 0001:0002c156       mxGetPr_800                000000018002d156 f   libmx:libmx.dll
 0001:0002c15c       mxDestroyArray_800         000000018002d15c f   libmx:libmx.dll
 0001:0002c162       mxCreateDoubleMatrix_800   000000018002d162 f   libmx:libmx.dll
 0001:0002c168       mxGetString_800            000000018002d168 f   libmx:libmx.dll
 0001:0002c16e       mxDuplicateArray_800       000000018002d16e f   libmx:libmx.dll
 0001:0002c174       mxSetCell_800              000000018002d174 f   libmx:libmx.dll
 0001:0002c17a       mxSetField_800             000000018002d17a f   libmx:libmx.dll
 0001:0002c180       mxCreateString_800         000000018002d180 f   libmx:libmx.dll
 0001:0002c186       mxCreateCellMatrix_800     000000018002d186 f   libmx:libmx.dll
 0001:0002c18c       mxCreateStructMatrix_800   000000018002d18c f   libmx:libmx.dll
 0001:0002c192       mxCalloc_800               000000018002d192 f   libmx:libmx.dll
 0001:0002c198       mxGetM_800                 000000018002d198 f   libmx:libmx.dll
 0001:0002c19e       mxGetClassID_800           000000018002d19e f   libmx:libmx.dll
 0001:0002c1a4       mxIsNumeric_800            000000018002d1a4 f   libmx:libmx.dll
 0001:0002c1aa       mxIsComplex_800            000000018002d1aa f   libmx:libmx.dll
 0001:0002c1b0       mxGetN_800                 000000018002d1b0 f   libmx:libmx.dll
 0001:0002c1b6       mxCreateDoubleScalar_800   000000018002d1b6 f   libmx:libmx.dll
 0001:0002c1bc       mxMalloc_800               000000018002d1bc f   libmx:libmx.dll
 0001:0002c1c2       mxFree_800                 000000018002d1c2 f   libmx:libmx.dll
 0001:0002c1c8       mxRealloc_800              000000018002d1c8 f   libmx:libmx.dll
 0001:0002c1ce       mexMakeArrayPersistent_800 000000018002d1ce f   libmex:libmex.dll
 0001:0002c1d4       mexErrMsgTxt_800           000000018002d1d4 f   libmex:libmex.dll
 0001:0002c1da       mexWarnMsgTxt_800          000000018002d1da f   libmex:libmex.dll
 0001:0002c1e0       mexCallMATLAB_800          000000018002d1e0 f   libmex:libmex.dll
 0001:0002c1e6       mexLock_800                000000018002d1e6 f   libmex:libmex.dll
 0001:0002c1ec       mexUnlock_800              000000018002d1ec f   libmex:libmex.dll
 0001:0002c1f2       mexIsLocked_800            000000018002d1f2 f   libmex:libmex.dll
 0001:0002c1f8       mexPrintf_800              000000018002d1f8 f   libmex:libmex.dll
 0001:0002c1fe       utMalloc                   000000018002d1fe f   libut:libut.dll
 0001:0002c204       utFree                     000000018002d204 f   libut:libut.dll
 0001:0002c20a       muDoubleScalarAbs          000000018002d20a f   libmwmathutil:libmwmathutil.dll
 0001:0002c210       emlrtDynamicBoundsCheckR2012b 000000018002d210 f   libemlrt:libemlrt.dll
 0001:0002c216       emlrtSizeMulR2012b         000000018002d216 f   libemlrt:libemlrt.dll
 0001:0002c21c       emlrtIntegerCheckR2012b    000000018002d21c f   libemlrt:libemlrt.dll
 0001:0002c222       emlrtNonNegativeCheckR2012b 000000018002d222 f   libemlrt:libemlrt.dll
 0001:0002c228       emlrtMallocMex             000000018002d228 f   libemlrt:libemlrt.dll
 0001:0002c22e       emlrtCallocMex             000000018002d22e f   libemlrt:libemlrt.dll
 0001:0002c234       emlrtFreeMex               000000018002d234 f   libemlrt:libemlrt.dll
 0001:0002c23a       emlrtNameCaptureMxArrayR2016a 000000018002d23a f   libemlrt:libemlrt.dll
 0001:0002c240       emlrtHeapAllocationErrorR2012b 000000018002d240 f   libemlrt:libemlrt.dll
 0001:0002c246       emlrtSizeEqCheck1DR2012b   000000018002d246 f   libemlrt:libemlrt.dll
 0001:0002c24c       covrtCreateStateflowInstanceData 000000018002d24c f   libcovrt:libcovrt.dll
 0001:0002c252       covrtDeleteStateflowInstanceData 000000018002d252 f   libcovrt:libcovrt.dll
 0001:0002c258       covrtTransInitFcn          000000018002d258 f   libcovrt:libcovrt.dll
 0001:0002c25e       covrtStateInitFcn          000000018002d25e f   libcovrt:libcovrt.dll
 0001:0002c264       covrtChartInitFcn          000000018002d264 f   libcovrt:libcovrt.dll
 0001:0002c26a       covrtSigUpdateFcn          000000018002d26a f   libcovrt:libcovrt.dll
 0001:0002c270       covrtEmlInitFcn            000000018002d270 f   libcovrt:libcovrt.dll
 0001:0002c276       covrtEmlFcnInitFcn         000000018002d276 f   libcovrt:libcovrt.dll
 0001:0002c27c       covrtEmlForInitFcn         000000018002d27c f   libcovrt:libcovrt.dll
 0001:0002c282       covrtEmlFcnEval            000000018002d282 f   libcovrt:libcovrt.dll
 0001:0002c288       covrtEmlForEval            000000018002d288 f   libcovrt:libcovrt.dll
 0001:0002c290       __raise_securityfailure    000000018002d290 f   MSVCRT:gs_report.obj
 0001:0002c2c4       __report_gsfailure         000000018002d2c4 f   MSVCRT:gs_report.obj
 0001:0002c398       __report_rangecheckfailure 000000018002d398 f   MSVCRT:gs_report.obj
 0001:0002c3ac       __report_securityfailure   000000018002d3ac f   MSVCRT:gs_report.obj
 0001:0002c448       __report_securityfailureEx 000000018002d448 f   MSVCRT:gs_report.obj
 0001:0002c63c       __GSHandlerCheck           000000018002d63c f   MSVCRT:_gshandler_.obj
 0001:0002c65c       __GSHandlerCheckCommon     000000018002d65c f   MSVCRT:_gshandler_.obj
 0001:0002c6d0       __security_check_cookie    000000018002d6d0 f   MSVCRT:_amdsecgs_.obj
 0001:0002c710       _alloca_probe              000000018002d710 f   MSVCRT:_chkstk_.obj
 0001:0002c710       __chkstk                   000000018002d710 f   MSVCRT:_chkstk_.obj
 0001:0002cac0       _CRT_INIT                  000000018002dac0 f   MSVCRT:dll_dllmain.obj
 0001:0002cac8       _DllMainCRTStartup         000000018002dac8 f   MSVCRT:dll_dllmain.obj
 0001:0002cb08       ??$__crt_fast_decode_pointer@PEAP6AXXZ@@YAPEAP6AXXZQEAP6AXXZ@Z 000000018002db08 f i MSVCRT:utility.obj
 0001:0002cb20       ??$__crt_fast_encode_pointer@PEAP6AXXZ@@YAPEAP6AXXZQEAP6AXXZ@Z 000000018002db20 f i MSVCRT:utility.obj
 0001:0002cb40       ?__crt_rotate_pointer_value@@YA_K_KH@Z 000000018002db40 f i MSVCRT:utility.obj
 0001:0002cbc8       NtCurrentTeb               000000018002dbc8 f i MSVCRT:utility.obj
 0001:0002cbd4       __scrt_acquire_startup_lock 000000018002dbd4 f   MSVCRT:utility.obj
 0001:0002cc10       __scrt_dllmain_after_initialize_c 000000018002dc10 f   MSVCRT:utility.obj
 0001:0002cc30       __scrt_dllmain_before_initialize_c 000000018002dc30 f   MSVCRT:utility.obj
 0001:0002cc48       __scrt_dllmain_crt_thread_attach 000000018002dc48 f   MSVCRT:utility.obj
 0001:0002cc70       __scrt_dllmain_crt_thread_detach 000000018002dc70 f   MSVCRT:utility.obj
 0001:0002cc88       __scrt_dllmain_exception_filter 000000018002dc88 f   MSVCRT:utility.obj
 0001:0002ccec       __scrt_dllmain_uninitialize_c 000000018002dcec f   MSVCRT:utility.obj
 0001:0002cd1c       __scrt_dllmain_uninitialize_critical 000000018002dd1c f   MSVCRT:utility.obj
 0001:0002cd30       __scrt_initialize_crt      000000018002dd30 f   MSVCRT:utility.obj
 0001:0002cd7c       __scrt_initialize_onexit_tables 000000018002dd7c f   MSVCRT:utility.obj
 0001:0002ce48       __scrt_is_nonwritable_in_current_image 000000018002de48 f   MSVCRT:utility.obj
 0001:0002cee4       __scrt_release_startup_lock 000000018002dee4 f   MSVCRT:utility.obj
 0001:0002cf08       __scrt_uninitialize_crt    000000018002df08 f   MSVCRT:utility.obj
 0001:0002cf34       _onexit                    000000018002df34 f   MSVCRT:utility.obj
 0001:0002cf84       at_quick_exit              000000018002df84 f   MSVCRT:utility.obj
 0001:0002cfbc       atexit                     000000018002dfbc f   MSVCRT:utility.obj
 0001:0002cfd4       __security_init_cookie     000000018002dfd4 f   MSVCRT:gs_support.obj
 0001:0002d080       DllMain                    000000018002e080 f   MSVCRT:dll_dllmain_stub.obj
 0001:0002d0a4       ?__scrt_initialize_type_info@@YAXXZ 000000018002e0a4 f   MSVCRT:tncleanup.obj
 0001:0002d0b4       ?__scrt_uninitialize_type_info@@YAXXZ 000000018002e0b4 f   MSVCRT:tncleanup.obj
 0001:0002d0c0       __scrt_initialize_default_local_stdio_options 000000018002e0c0 f   MSVCRT:default_local_stdio_options.obj
 0001:0002d0dc       __scrt_get_dyn_tls_init_callback 000000018002e0dc f   MSVCRT:dyn_tls_init.obj
 0001:0002d0e4       __crt_debugger_hook        000000018002e0e4 f   MSVCRT:utility_desktop.obj
 0001:0002d0ec       __scrt_fastfail            000000018002e0ec f   MSVCRT:utility_desktop.obj
 0001:0002d234       __scrt_get_show_window_mode 000000018002e234 f   MSVCRT:utility_desktop.obj
 0001:0002d274       __scrt_initialize_winrt    000000018002e274 f   MSVCRT:utility_desktop.obj
 0001:0002d278       __scrt_is_managed_app      000000018002e278 f   MSVCRT:utility_desktop.obj
 0001:0002d2cc       __scrt_set_unhandled_exception_filter 000000018002e2cc f   MSVCRT:utility_desktop.obj
 0001:0002d2dc       __scrt_unhandled_exception_filter 000000018002e2dc f   MSVCRT:utility_desktop.obj
 0001:0002d314       _RTC_Initialize            000000018002e314 f   MSVCRT:_initsect_.obj
 0001:0002d360       _RTC_Terminate             000000018002e360 f   MSVCRT:_initsect_.obj
 0001:0002d3ac       _guard_check_icall         000000018002e3ac f i MSVCRT:checkcfg.obj
 0001:0002d3b4       __isa_available_init       000000018002e3b4 f   MSVCRT:_cpu_disp_.obj
 0001:0002d578       __scrt_is_ucrt_dll_in_use  000000018002e578 f   MSVCRT:ucrt_detection.obj
 0001:0002d584       _guard_check_icall_nop     000000018002e584 f i MSVCRT:guard_support.obj
 0001:0002d588       _guard_icall_checks_enforced 000000018002e588 f i MSVCRT:guard_support.obj
 0001:0002d5a0       RtlCaptureContext          000000018002e5a0 f   kernel32:KERNEL32.dll
 0001:0002d5a6       RtlLookupFunctionEntry     000000018002e5a6 f   kernel32:KERNEL32.dll
 0001:0002d5ac       RtlVirtualUnwind           000000018002e5ac f   kernel32:KERNEL32.dll
 0001:0002d5b2       UnhandledExceptionFilter   000000018002e5b2 f   kernel32:KERNEL32.dll
 0001:0002d5b8       SetUnhandledExceptionFilter 000000018002e5b8 f   kernel32:KERNEL32.dll
 0001:0002d5be       GetCurrentProcess          000000018002e5be f   kernel32:KERNEL32.dll
 0001:0002d5c4       TerminateProcess           000000018002e5c4 f   kernel32:KERNEL32.dll
 0001:0002d5ca       IsProcessorFeaturePresent  000000018002e5ca f   kernel32:KERNEL32.dll
 0001:0002d5d0       QueryPerformanceCounter    000000018002e5d0 f   kernel32:KERNEL32.dll
 0001:0002d5d6       GetCurrentProcessId        000000018002e5d6 f   kernel32:KERNEL32.dll
 0001:0002d5dc       GetCurrentThreadId         000000018002e5dc f   kernel32:KERNEL32.dll
 0001:0002d5e2       GetSystemTimeAsFileTime    000000018002e5e2 f   kernel32:KERNEL32.dll
 0001:0002d5e8       DisableThreadLibraryCalls  000000018002e5e8 f   kernel32:KERNEL32.dll
 0001:0002d5ee       InitializeSListHead        000000018002e5ee f   kernel32:KERNEL32.dll
 0001:0002d5f4       IsDebuggerPresent          000000018002e5f4 f   kernel32:KERNEL32.dll
 0001:0002d5fa       GetStartupInfoW            000000018002e5fa f   kernel32:KERNEL32.dll
 0001:0002d600       GetModuleHandleW           000000018002e600 f   kernel32:KERNEL32.dll
 0001:0002d606       memcpy                     000000018002e606 f   vcruntime:VCRUNTIME140.dll
 0001:0002d60c       memset                     000000018002e60c f   vcruntime:VCRUNTIME140.dll
 0001:0002d612       __telemetry_main_invoke_trigger 000000018002e612 f   vcruntime:VCRUNTIME140.dll
 0001:0002d618       __telemetry_main_return_trigger 000000018002e618 f   vcruntime:VCRUNTIME140.dll
 0001:0002d61e       __C_specific_handler       000000018002e61e f   vcruntime:VCRUNTIME140.dll
 0001:0002d624       __std_type_info_destroy_list 000000018002e624 f   vcruntime:VCRUNTIME140.dll
 0001:0002d62a       strcmp                     000000018002e62a f   ucrt:api-ms-win-crt-string-l1-1-0.dll
 0001:0002d630       strcat                     000000018002e630 f   ucrt:api-ms-win-crt-string-l1-1-0.dll
 0001:0002d636       __stdio_common_vsprintf    000000018002e636 f   ucrt:api-ms-win-crt-stdio-l1-1-0.dll
 0001:0002d63c       free                       000000018002e63c f   ucrt:api-ms-win-crt-heap-l1-1-0.dll
 0001:0002d642       malloc                     000000018002e642 f   ucrt:api-ms-win-crt-heap-l1-1-0.dll
 0001:0002d648       strlen                     000000018002e648 f   ucrt:api-ms-win-crt-string-l1-1-0.dll
 0001:0002d64e       sqrt                       000000018002e64e f   ucrt:api-ms-win-crt-math-l1-1-0.dll
 0001:0002d654       cimag                      000000018002e654 f   ucrt:api-ms-win-crt-math-l1-1-0.dll
 0001:0002d65a       conj                       000000018002e65a f   ucrt:api-ms-win-crt-math-l1-1-0.dll
 0001:0002d660       creal                      000000018002e660 f   ucrt:api-ms-win-crt-math-l1-1-0.dll
 0001:0002d666       fabs                       000000018002e666 f   ucrt:api-ms-win-crt-math-l1-1-0.dll
 0001:0002d66c       __stdio_common_vfscanf     000000018002e66c f   ucrt:api-ms-win-crt-stdio-l1-1-0.dll
 0001:0002d672       _Cbuild                    000000018002e672 f   ucrt:api-ms-win-crt-math-l1-1-0.dll
 0001:0002d678       srand                      000000018002e678 f   ucrt:api-ms-win-crt-utility-l1-1-0.dll
 0001:0002d67e       rand                       000000018002e67e f   ucrt:api-ms-win-crt-utility-l1-1-0.dll
 0001:0002d684       fmin                       000000018002e684 f   ucrt:api-ms-win-crt-math-l1-1-0.dll
 0001:0002d68a       _initterm                  000000018002e68a f   ucrt:api-ms-win-crt-runtime-l1-1-0.dll
 0001:0002d690       _initterm_e                000000018002e690 f   ucrt:api-ms-win-crt-runtime-l1-1-0.dll
 0001:0002d696       _seh_filter_dll            000000018002e696 f   ucrt:api-ms-win-crt-runtime-l1-1-0.dll
 0001:0002d69c       _initialize_narrow_environment 000000018002e69c f   ucrt:api-ms-win-crt-runtime-l1-1-0.dll
 0001:0002d6a2       _initialize_onexit_table   000000018002e6a2 f   ucrt:api-ms-win-crt-runtime-l1-1-0.dll
 0001:0002d6a8       _register_onexit_function  000000018002e6a8 f   ucrt:api-ms-win-crt-runtime-l1-1-0.dll
 0001:0002d6ae       _execute_onexit_table      000000018002e6ae f   ucrt:api-ms-win-crt-runtime-l1-1-0.dll
 0001:0002d6b4       _crt_atexit                000000018002e6b4 f   ucrt:api-ms-win-crt-runtime-l1-1-0.dll
 0001:0002d6ba       _crt_at_quick_exit         000000018002e6ba f   ucrt:api-ms-win-crt-runtime-l1-1-0.dll
 0001:0002d6c0       _cexit                     000000018002e6c0 f   ucrt:api-ms-win-crt-runtime-l1-1-0.dll
 0001:0002d6c6       terminate                  000000018002e6c6 f   ucrt:api-ms-win-crt-runtime-l1-1-0.dll
 0001:0002d6cc       _cabs                      000000018002e6cc f   ucrt:api-ms-win-crt-math-l1-1-0.dll
 0001:0002d6d4       __acrt_initialize          000000018002e6d4 f   MSVCRT:ucrt_stubs.obj
 0001:0002d6d4       __vcrt_initialize          000000018002e6d4 f   MSVCRT:ucrt_stubs.obj
 0001:0002d6d4       __scrt_stub_for_acrt_initialize 000000018002e6d4 f   MSVCRT:ucrt_stubs.obj
 0001:0002d6d8       __scrt_stub_for_acrt_thread_attach 000000018002e6d8 f   MSVCRT:ucrt_stubs.obj
 0001:0002d6d8       __acrt_thread_attach       000000018002e6d8 f   MSVCRT:ucrt_stubs.obj
 0001:0002d6d8       __vcrt_thread_attach       000000018002e6d8 f   MSVCRT:ucrt_stubs.obj
 0001:0002d6dc       __vcrt_thread_detach       000000018002e6dc f   MSVCRT:ucrt_stubs.obj
 0001:0002d6dc       __scrt_stub_for_acrt_thread_detach 000000018002e6dc f   MSVCRT:ucrt_stubs.obj
 0001:0002d6dc       __acrt_thread_detach       000000018002e6dc f   MSVCRT:ucrt_stubs.obj
 0001:0002d6e0       __vcrt_uninitialize        000000018002e6e0 f   MSVCRT:ucrt_stubs.obj
 0001:0002d6e0       __scrt_stub_for_acrt_uninitialize 000000018002e6e0 f   MSVCRT:ucrt_stubs.obj
 0001:0002d6e0       __acrt_uninitialize        000000018002e6e0 f   MSVCRT:ucrt_stubs.obj
 0001:0002d6e4       __vcrt_uninitialize_critical 000000018002e6e4 f   MSVCRT:ucrt_stubs.obj
 0001:0002d6e4       __acrt_uninitialize_critical 000000018002e6e4 f   MSVCRT:ucrt_stubs.obj
 0001:0002d6e4       __scrt_stub_for_acrt_uninitialize_critical 000000018002e6e4 f   MSVCRT:ucrt_stubs.obj
 0001:0002d6e8       _is_c_termination_complete 000000018002e6e8 f   MSVCRT:ucrt_stubs.obj
 0001:0002d6e8       __scrt_stub_for_is_c_termination_complete 000000018002e6e8 f   MSVCRT:ucrt_stubs.obj
 0001:0002d700       _guard_dispatch_icall_nop  000000018002e700 f   MSVCRT:_guard_dispatch_.obj
 0002:00000000       __imp_GetCurrentThreadId   000000018002f000     kernel32:KERNEL32.dll
 0002:00000008       __imp_RtlCaptureContext    000000018002f008     kernel32:KERNEL32.dll
 0002:00000010       __imp_GetSystemTimeAsFileTime 000000018002f010     kernel32:KERNEL32.dll
 0002:00000018       __imp_DisableThreadLibraryCalls 000000018002f018     kernel32:KERNEL32.dll
 0002:00000020       __imp_RtlLookupFunctionEntry 000000018002f020     kernel32:KERNEL32.dll
 0002:00000028       __imp_RtlVirtualUnwind     000000018002f028     kernel32:KERNEL32.dll
 0002:00000030       __imp_InitializeSListHead  000000018002f030     kernel32:KERNEL32.dll
 0002:00000038       __imp_IsDebuggerPresent    000000018002f038     kernel32:KERNEL32.dll
 0002:00000040       __imp_GetStartupInfoW      000000018002f040     kernel32:KERNEL32.dll
 0002:00000048       __imp_GetModuleHandleW     000000018002f048     kernel32:KERNEL32.dll
 0002:00000050       __imp_GetCurrentProcess    000000018002f050     kernel32:KERNEL32.dll
 0002:00000058       __imp_TerminateProcess     000000018002f058     kernel32:KERNEL32.dll
 0002:00000060       __imp_IsProcessorFeaturePresent 000000018002f060     kernel32:KERNEL32.dll
 0002:00000068       __imp_SetUnhandledExceptionFilter 000000018002f068     kernel32:KERNEL32.dll
 0002:00000070       __imp_UnhandledExceptionFilter 000000018002f070     kernel32:KERNEL32.dll
 0002:00000078       __imp_QueryPerformanceCounter 000000018002f078     kernel32:KERNEL32.dll
 0002:00000080       __imp_GetCurrentProcessId  000000018002f080     kernel32:KERNEL32.dll
 0002:00000088       \177KERNEL32_NULL_THUNK_DATA 000000018002f088     kernel32:KERNEL32.dll
 0002:00000090       __imp___C_specific_handler 000000018002f090     vcruntime:VCRUNTIME140.dll
 0002:00000098       __imp___telemetry_main_return_trigger 000000018002f098     vcruntime:VCRUNTIME140.dll
 0002:000000a0       __imp___telemetry_main_invoke_trigger 000000018002f0a0     vcruntime:VCRUNTIME140.dll
 0002:000000a8       __imp_memcpy               000000018002f0a8     vcruntime:VCRUNTIME140.dll
 0002:000000b0       __imp_memset               000000018002f0b0     vcruntime:VCRUNTIME140.dll
 0002:000000b8       __imp___std_type_info_destroy_list 000000018002f0b8     vcruntime:VCRUNTIME140.dll
 0002:000000c0       \177VCRUNTIME140_NULL_THUNK_DATA 000000018002f0c0     vcruntime:VCRUNTIME140.dll
 0002:000000c8       __imp_free                 000000018002f0c8     ucrt:api-ms-win-crt-heap-l1-1-0.dll
 0002:000000d0       __imp_malloc               000000018002f0d0     ucrt:api-ms-win-crt-heap-l1-1-0.dll
 0002:000000d8       \177api-ms-win-crt-heap-l1-1-0_NULL_THUNK_DATA 000000018002f0d8     ucrt:api-ms-win-crt-heap-l1-1-0.dll
 0002:000000e0       __imp_sqrt                 000000018002f0e0     ucrt:api-ms-win-crt-math-l1-1-0.dll
 0002:000000e8       __imp_cimag                000000018002f0e8     ucrt:api-ms-win-crt-math-l1-1-0.dll
 0002:000000f0       __imp__Cbuild              000000018002f0f0     ucrt:api-ms-win-crt-math-l1-1-0.dll
 0002:000000f8       __imp_fmin                 000000018002f0f8     ucrt:api-ms-win-crt-math-l1-1-0.dll
 0002:00000100       __imp_conj                 000000018002f100     ucrt:api-ms-win-crt-math-l1-1-0.dll
 0002:00000108       __imp_fabs                 000000018002f108     ucrt:api-ms-win-crt-math-l1-1-0.dll
 0002:00000110       __imp__cabs                000000018002f110     ucrt:api-ms-win-crt-math-l1-1-0.dll
 0002:00000110       __imp_cabs                 000000018002f110     ucrt:api-ms-win-crt-math-l1-1-0.dll
 0002:00000118       __imp_creal                000000018002f118     ucrt:api-ms-win-crt-math-l1-1-0.dll
 0002:00000120       \177api-ms-win-crt-math-l1-1-0_NULL_THUNK_DATA 000000018002f120     ucrt:api-ms-win-crt-math-l1-1-0.dll
 0002:00000128       __imp__seh_filter_dll      000000018002f128     ucrt:api-ms-win-crt-runtime-l1-1-0.dll
 0002:00000130       __imp__initialize_onexit_table 000000018002f130     ucrt:api-ms-win-crt-runtime-l1-1-0.dll
 0002:00000138       __imp__register_onexit_function 000000018002f138     ucrt:api-ms-win-crt-runtime-l1-1-0.dll
 0002:00000140       __imp__execute_onexit_table 000000018002f140     ucrt:api-ms-win-crt-runtime-l1-1-0.dll
 0002:00000148       __imp__crt_atexit          000000018002f148     ucrt:api-ms-win-crt-runtime-l1-1-0.dll
 0002:00000150       __imp__crt_at_quick_exit   000000018002f150     ucrt:api-ms-win-crt-runtime-l1-1-0.dll
 0002:00000158       __imp__cexit               000000018002f158     ucrt:api-ms-win-crt-runtime-l1-1-0.dll
 0002:00000160       __imp_terminate            000000018002f160     ucrt:api-ms-win-crt-runtime-l1-1-0.dll
 0002:00000168       __imp__initterm_e          000000018002f168     ucrt:api-ms-win-crt-runtime-l1-1-0.dll
 0002:00000170       __imp__initterm            000000018002f170     ucrt:api-ms-win-crt-runtime-l1-1-0.dll
 0002:00000178       __imp__initialize_narrow_environment 000000018002f178     ucrt:api-ms-win-crt-runtime-l1-1-0.dll
 0002:00000180       \177api-ms-win-crt-runtime-l1-1-0_NULL_THUNK_DATA 000000018002f180     ucrt:api-ms-win-crt-runtime-l1-1-0.dll
 0002:00000188       __imp___stdio_common_vfscanf 000000018002f188     ucrt:api-ms-win-crt-stdio-l1-1-0.dll
 0002:00000190       __imp___stdio_common_vsprintf 000000018002f190     ucrt:api-ms-win-crt-stdio-l1-1-0.dll
 0002:00000198       \177api-ms-win-crt-stdio-l1-1-0_NULL_THUNK_DATA 000000018002f198     ucrt:api-ms-win-crt-stdio-l1-1-0.dll
 0002:000001a0       __imp_strcat               000000018002f1a0     ucrt:api-ms-win-crt-string-l1-1-0.dll
 0002:000001a8       __imp_strcmp               000000018002f1a8     ucrt:api-ms-win-crt-string-l1-1-0.dll
 0002:000001b0       __imp_strlen               000000018002f1b0     ucrt:api-ms-win-crt-string-l1-1-0.dll
 0002:000001b8       \177api-ms-win-crt-string-l1-1-0_NULL_THUNK_DATA 000000018002f1b8     ucrt:api-ms-win-crt-string-l1-1-0.dll
 0002:000001c0       __imp_rand                 000000018002f1c0     ucrt:api-ms-win-crt-utility-l1-1-0.dll
 0002:000001c8       __imp_srand                000000018002f1c8     ucrt:api-ms-win-crt-utility-l1-1-0.dll
 0002:000001d0       \177api-ms-win-crt-utility-l1-1-0_NULL_THUNK_DATA 000000018002f1d0     ucrt:api-ms-win-crt-utility-l1-1-0.dll
 0002:000001d8       __imp_covrtEmlForEval      000000018002f1d8     libcovrt:libcovrt.dll
 0002:000001e0       __imp_covrtEmlFcnEval      000000018002f1e0     libcovrt:libcovrt.dll
 0002:000001e8       __imp_covrtEmlForInitFcn   000000018002f1e8     libcovrt:libcovrt.dll
 0002:000001f0       __imp_covrtEmlFcnInitFcn   000000018002f1f0     libcovrt:libcovrt.dll
 0002:000001f8       __imp_covrtEmlInitFcn      000000018002f1f8     libcovrt:libcovrt.dll
 0002:00000200       __imp_covrtSigUpdateFcn    000000018002f200     libcovrt:libcovrt.dll
 0002:00000208       __imp_covrtChartInitFcn    000000018002f208     libcovrt:libcovrt.dll
 0002:00000210       __imp_covrtStateInitFcn    000000018002f210     libcovrt:libcovrt.dll
 0002:00000218       __imp_covrtTransInitFcn    000000018002f218     libcovrt:libcovrt.dll
 0002:00000220       __imp_covrtDeleteStateflowInstanceData 000000018002f220     libcovrt:libcovrt.dll
 0002:00000228       __imp_covrtCreateStateflowInstanceData 000000018002f228     libcovrt:libcovrt.dll
 0002:00000230       \177libcovrt_NULL_THUNK_DATA 000000018002f230     libcovrt:libcovrt.dll
 0002:00000238       __imp_emlrtSizeEqCheck1DR2012b 000000018002f238     libemlrt:libemlrt.dll
 0002:00000240       __imp_emlrtHeapAllocationErrorR2012b 000000018002f240     libemlrt:libemlrt.dll
 0002:00000248       __imp_emlrtNameCaptureMxArrayR2016a 000000018002f248     libemlrt:libemlrt.dll
 0002:00000250       __imp_emlrtFreeMex         000000018002f250     libemlrt:libemlrt.dll
 0002:00000258       __imp_emlrtCallocMex       000000018002f258     libemlrt:libemlrt.dll
 0002:00000260       __imp_emlrtMallocMex       000000018002f260     libemlrt:libemlrt.dll
 0002:00000268       __imp_emlrtNonNegativeCheckR2012b 000000018002f268     libemlrt:libemlrt.dll
 0002:00000270       __imp_emlrtIntegerCheckR2012b 000000018002f270     libemlrt:libemlrt.dll
 0002:00000278       __imp_emlrtSizeMulR2012b   000000018002f278     libemlrt:libemlrt.dll
 0002:00000280       __imp_emlrtDynamicBoundsCheckR2012b 000000018002f280     libemlrt:libemlrt.dll
 0002:00000288       \177libemlrt_NULL_THUNK_DATA 000000018002f288     libemlrt:libemlrt.dll
 0002:00000290       __imp_mexPrintf_800        000000018002f290     libmex:libmex.dll
 0002:00000298       __imp_mexWarnMsgTxt_800    000000018002f298     libmex:libmex.dll
 0002:000002a0       __imp_mexCallMATLAB_800    000000018002f2a0     libmex:libmex.dll
 0002:000002a8       __imp_mexLock_800          000000018002f2a8     libmex:libmex.dll
 0002:000002b0       __imp_mexMakeArrayPersistent_800 000000018002f2b0     libmex:libmex.dll
 0002:000002b8       __imp_mexErrMsgTxt_800     000000018002f2b8     libmex:libmex.dll
 0002:000002c0       __imp_mexIsLocked_800      000000018002f2c0     libmex:libmex.dll
 0002:000002c8       __imp_mexUnlock_800        000000018002f2c8     libmex:libmex.dll
 0002:000002d0       \177libmex_NULL_THUNK_DATA 000000018002f2d0     libmex:libmex.dll
 0002:000002d8       __imp_dgemm                000000018002f2d8     libmwblas:libmwblas.dll
 0002:000002e0       \177libmwblas_NULL_THUNK_DATA 000000018002f2e0     libmwblas:libmwblas.dll
 0002:000002e8       __imp_muDoubleScalarAbs    000000018002f2e8     libmwmathutil:libmwmathutil.dll
 0002:000002f0       \177libmwmathutil_NULL_THUNK_DATA 000000018002f2f0     libmwmathutil:libmwmathutil.dll
 0002:000002f8       __imp_mxCreateStructMatrix_800 000000018002f2f8     libmx:libmx.dll
 0002:00000300       __imp_mxRealloc_800        000000018002f300     libmx:libmx.dll
 0002:00000308       __imp_mxFree_800           000000018002f308     libmx:libmx.dll
 0002:00000310       __imp_mxMalloc_800         000000018002f310     libmx:libmx.dll
 0002:00000318       __imp_mxCreateDoubleScalar_800 000000018002f318     libmx:libmx.dll
 0002:00000320       __imp_mxGetN_800           000000018002f320     libmx:libmx.dll
 0002:00000328       __imp_mxIsComplex_800      000000018002f328     libmx:libmx.dll
 0002:00000330       __imp_mxIsNumeric_800      000000018002f330     libmx:libmx.dll
 0002:00000338       __imp_mxGetClassID_800     000000018002f338     libmx:libmx.dll
 0002:00000340       __imp_mxGetM_800           000000018002f340     libmx:libmx.dll
 0002:00000348       __imp_mxCalloc_800         000000018002f348     libmx:libmx.dll
 0002:00000350       __imp_mxIsChar_800         000000018002f350     libmx:libmx.dll
 0002:00000358       __imp_mxCreateCellMatrix_800 000000018002f358     libmx:libmx.dll
 0002:00000360       __imp_mxCreateString_800   000000018002f360     libmx:libmx.dll
 0002:00000368       __imp_mxSetField_800       000000018002f368     libmx:libmx.dll
 0002:00000370       __imp_mxSetCell_800        000000018002f370     libmx:libmx.dll
 0002:00000378       __imp_mxDuplicateArray_800 000000018002f378     libmx:libmx.dll
 0002:00000380       __imp_mxGetString_800      000000018002f380     libmx:libmx.dll
 0002:00000388       __imp_mxCreateDoubleMatrix_800 000000018002f388     libmx:libmx.dll
 0002:00000390       __imp_mxDestroyArray_800   000000018002f390     libmx:libmx.dll
 0002:00000398       __imp_mxGetPr_800          000000018002f398     libmx:libmx.dll
 0002:000003a0       __imp_mxGetScalar_800      000000018002f3a0     libmx:libmx.dll
 0002:000003a8       \177libmx_NULL_THUNK_DATA  000000018002f3a8     libmx:libmx.dll
 0002:000003b0       __imp_utMalloc             000000018002f3b0     libut:libut.dll
 0002:000003b8       __imp_utFree               000000018002f3b8     libut:libut.dll
 0002:000003c0       \177libut_NULL_THUNK_DATA  000000018002f3c0     libut:libut.dll
 0002:000003c8       __imp_sf_mex_error_direct_call 000000018002f3c8     sf_runtime:sf_runtime.dll
 0002:000003d0       __imp_sf_clear_error_manager_info 000000018002f3d0     sf_runtime:sf_runtime.dll
 0002:000003d8       __imp_call_sf_machine_global_method_dispatcher 000000018002f3d8     sf_runtime:sf_runtime.dll
 0002:000003e0       __imp_callMdlMethodAndReportError 000000018002f3e0     sf_runtime:sf_runtime.dll
 0002:000003e8       __imp_sf_get_hasSeparateUpdateOutputs 000000018002f3e8     sf_runtime:sf_runtime.dll
 0002:000003f0       __imp_sf_get_ChartInfoStruct_CodeGen 000000018002f3f0     sf_runtime:sf_runtime.dll
 0002:000003f8       __imp_sf_data_overflow_error 000000018002f3f8     sf_runtime:sf_runtime.dll
 0002:00000400       __imp_ssGetInputPortSignal_wrapper 000000018002f400     sf_runtime:sf_runtime.dll
 0002:00000408       __imp_sf_mex_import        000000018002f408     sf_runtime:sf_runtime.dll
 0002:00000410       __imp_sf_mex_destroy       000000018002f410     sf_runtime:sf_runtime.dll
 0002:00000418       __imp_sf_mex_dup           000000018002f418     sf_runtime:sf_runtime.dll
 0002:00000420       __imp_sf_mex_assign        000000018002f420     sf_runtime:sf_runtime.dll
 0002:00000428       __imp_sf_mex_getcell       000000018002f428     sf_runtime:sf_runtime.dll
 0002:00000430       __imp_sf_mex_setcell       000000018002f430     sf_runtime:sf_runtime.dll
 0002:00000438       __imp_sf_mex_createcellmatrix 000000018002f438     sf_runtime:sf_runtime.dll
 0002:00000440       __imp_sf_mex_create        000000018002f440     sf_runtime:sf_runtime.dll
 0002:00000448       __imp_sf_mex_error_message 000000018002f448     sf_runtime:sf_runtime.dll
 0002:00000450       __imp_sf_mex_call          000000018002f450     sf_runtime:sf_runtime.dll
 0002:00000458       __imp_sf_mex_printf        000000018002f458     sf_runtime:sf_runtime.dll
 0002:00000460       __imp_sfListenerLightTerminate 000000018002f460     sf_runtime:sf_runtime.dll
 0002:00000468       __imp_sfListenerCacheSimStruct 000000018002f468     sf_runtime:sf_runtime.dll
 0002:00000470       __imp_sf_set_work_widths   000000018002f470     sf_runtime:sf_runtime.dll
 0002:00000478       __imp_sf_warn_if_symbolic_dimension_param_changed 000000018002f478     sf_runtime:sf_runtime.dll
 0002:00000480       __imp_setDebuggerFlag      000000018002f480     sf_runtime:sf_runtime.dll
 0002:00000488       __imp_setLegacyDebuggerFlag 000000018002f488     sf_runtime:sf_runtime.dll
 0002:00000490       __imp_setDataBrowseFcn     000000018002f490     sf_runtime:sf_runtime.dll
 0002:00000498       __imp_sfDoAnimationWrapper 000000018002f498     sf_runtime:sf_runtime.dll
 0002:000004a0       __imp_sf_get_time          000000018002f4a0     sf_runtime:sf_runtime.dll
 0002:000004a8       __imp_sf_clear_rtw_identifier 000000018002f4a8     sf_runtime:sf_runtime.dll
 0002:000004b0       __imp_sf_mex_listen_for_ctrl_c 000000018002f4b0     sf_runtime:sf_runtime.dll
 0002:000004b8       __imp_sim_mode_is_external 000000018002f4b8     sf_runtime:sf_runtime.dll
 0002:000004c0       __imp_sim_mode_is_rtw_gen  000000018002f4c0     sf_runtime:sf_runtime.dll
 0002:000004c8       __imp_sf_get_chart_instance_ptr 000000018002f4c8     sf_runtime:sf_runtime.dll
 0002:000004d0       __imp_sfrtGetCovrtInstance 000000018002f4d0     sf_runtime:sf_runtime.dll
 0002:000004d8       __imp_sfrtGetEmlrtCtx      000000018002f4d8     sf_runtime:sf_runtime.dll
 0002:000004e0       __imp_sf_free_ChartRunTimeInfo 000000018002f4e0     sf_runtime:sf_runtime.dll
 0002:000004e8       __imp_sf_init_ChartRunTimeInfo 000000018002f4e8     sf_runtime:sf_runtime.dll
 0002:000004f0       __imp_sf_mex_decode        000000018002f4f0     sf_runtime:sf_runtime.dll
 0002:000004f8       __imp_sf_load_rtw_optimization_info 000000018002f4f8     sf_runtime:sf_runtime.dll
 0002:00000500       __imp_ssGetOutputPortSignal_wrapper 000000018002f500     sf_runtime:sf_runtime.dll
 0002:00000508       __imp_getRuntimeInstanceInfoAsVoid 000000018002f508     sf_runtime:sf_runtime.dll
 0002:00000510       \177sf_runtime_NULL_THUNK_DATA 000000018002f510     sf_runtime:sf_runtime.dll
 0002:00000518       __guard_check_icall_fptr   000000018002f518     MSVCRT:guard_support.obj
 0002:00000520       __guard_dispatch_icall_fptr 000000018002f520     MSVCRT:guard_support.obj
 0002:00000528       __xc_a                     000000018002f528     MSVCRT:initializers.obj
 0002:00000530       __xc_z                     000000018002f530     MSVCRT:initializers.obj
 0002:00000538       __xi_a                     000000018002f538     MSVCRT:initializers.obj
 0002:00000540       __xi_z                     000000018002f540     MSVCRT:initializers.obj
 0002:00000548       __xp_a                     000000018002f548     MSVCRT:initializers.obj
 0002:00000550       __xp_z                     000000018002f550     MSVCRT:initializers.obj
 0002:00000558       __xt_a                     000000018002f558     MSVCRT:initializers.obj
 0002:00000560       __xt_z                     000000018002f560     MSVCRT:initializers.obj
 0002:00000570       __real@41b6479ee8000000    000000018002f570     CGMRES_sfun.obj
 0002:00000578       __real@41bf184734000000    000000018002f578     CGMRES_sfun.obj
 0002:00000580       __real@41d0301d26c00000    000000018002f580     CGMRES_sfun.obj
 0002:00000588       __real@41d572b3e2800000    000000018002f588     CGMRES_sfun.obj
 0002:00000590       __real@41e4963dc0a00000    000000018002f590     CGMRES_sfun.obj
 0002:00000598       __real@41e4cfaec3c00000    000000018002f598     CGMRES_sfun.obj
 0002:000005a0       __real@41e654be03600000    000000018002f5a0     CGMRES_sfun.obj
 0002:000005a8       __real@41e7b340f9a00000    000000018002f5a8     CGMRES_sfun.obj
 0002:000005b0       __real@41e898889b800000    000000018002f5b0     CGMRES_sfun.obj
 0002:000005b8       __real@41ec24ab44e00000    000000018002f5b8     CGMRES_sfun.obj
 0002:000005c0       __real@41ee152093a00000    000000018002f5c0     CGMRES_sfun.obj
 0002:000005c8       __real@41ee50479d200000    000000018002f5c8     CGMRES_sfun.obj
 0002:000005d8       __real@0000000000000000    000000018002f5d8     c8_CGMRES.obj
 0002:000005e0       __real@3ff0000000000000    000000018002f5e0     c8_CGMRES.obj
 0002:000005e8       __real@4000000000000000    000000018002f5e8     c8_CGMRES.obj
 0002:000005f0       __real@4014000000000000    000000018002f5f0     c8_CGMRES.obj
 0002:000005f8       __real@41c2abda07800000    000000018002f5f8     c8_CGMRES.obj
 0002:00000600       __real@41d43ee534c00000    000000018002f600     c8_CGMRES.obj
 0002:00000608       __real@41e488dcf3e00000    000000018002f608     c8_CGMRES.obj
 0002:00000610       __real@41e92db7d0600000    000000018002f610     c8_CGMRES.obj
 0002:00000618       DYNAMIC_DIMENSION_DEF      000000018002f618     CGMRES_sfun_registry.obj
 0002:00000630       __real@4010000000000000    000000018002f630     CGMRES_sfun_registry.obj
 0002:00000638       __real@41602cbca0000000    000000018002f638     CGMRES_sfun_registry.obj
 0002:00000640       __real@bff0000000000000    000000018002f640     CGMRES_sfun_registry.obj
 0002:00000648       __real@4024000000000000    000000018002f648     cs_amd_ri.obj
 0002:00000650       __real@4030000000000000    000000018002f650     cs_amd_ri.obj
 0002:00000660       __xmm@80000000000000008000000000000000 000000018002f660     cs_operator_ri.obj
 0002:00000670       __real@3cb0000000000000    000000018002f670     solve_from_qr.obj
 0002:00000688       _pRawDllMain               000000018002f688     MSVCRT:dll_dllmain.obj
 0002:00000688       _pDefaultRawDllMain        000000018002f688     MSVCRT:dll_dllmain.obj
 0002:000006b0       _load_config_used          000000018002f6b0     MSVCRT:loadcfg.obj
 0002:00000960       __rtc_iaa                  000000018002f960     MSVCRT:_initsect_.obj
 0002:00000968       __rtc_izz                  000000018002f968     MSVCRT:_initsect_.obj
 0002:00000970       __rtc_taa                  000000018002f970     MSVCRT:_initsect_.obj
 0002:00000978       __rtc_tzz                  000000018002f978     MSVCRT:_initsect_.obj
 0002:00001958       __IMPORT_DESCRIPTOR_libmwblas 0000000180030958     libmwblas:libmwblas.dll
 0002:0000196c       __IMPORT_DESCRIPTOR_sf_runtime 000000018003096c     sf_runtime:sf_runtime.dll
 0002:00001980       __IMPORT_DESCRIPTOR_libmx  0000000180030980     libmx:libmx.dll
 0002:00001994       __IMPORT_DESCRIPTOR_libmex 0000000180030994     libmex:libmex.dll
 0002:000019a8       __IMPORT_DESCRIPTOR_libut  00000001800309a8     libut:libut.dll
 0002:000019bc       __IMPORT_DESCRIPTOR_libmwmathutil 00000001800309bc     libmwmathutil:libmwmathutil.dll
 0002:000019d0       __IMPORT_DESCRIPTOR_libemlrt 00000001800309d0     libemlrt:libemlrt.dll
 0002:000019e4       __IMPORT_DESCRIPTOR_libcovrt 00000001800309e4     libcovrt:libcovrt.dll
 0002:000019f8       __IMPORT_DESCRIPTOR_KERNEL32 00000001800309f8     kernel32:KERNEL32.dll
 0002:00001a0c       __IMPORT_DESCRIPTOR_VCRUNTIME140 0000000180030a0c     vcruntime:VCRUNTIME140.dll
 0002:00001a20       __IMPORT_DESCRIPTOR_api-ms-win-crt-string-l1-1-0 0000000180030a20     ucrt:api-ms-win-crt-string-l1-1-0.dll
 0002:00001a34       __IMPORT_DESCRIPTOR_api-ms-win-crt-stdio-l1-1-0 0000000180030a34     ucrt:api-ms-win-crt-stdio-l1-1-0.dll
 0002:00001a48       __IMPORT_DESCRIPTOR_api-ms-win-crt-heap-l1-1-0 0000000180030a48     ucrt:api-ms-win-crt-heap-l1-1-0.dll
 0002:00001a5c       __IMPORT_DESCRIPTOR_api-ms-win-crt-math-l1-1-0 0000000180030a5c     ucrt:api-ms-win-crt-math-l1-1-0.dll
 0002:00001a70       __IMPORT_DESCRIPTOR_api-ms-win-crt-utility-l1-1-0 0000000180030a70     ucrt:api-ms-win-crt-utility-l1-1-0.dll
 0002:00001a84       __IMPORT_DESCRIPTOR_api-ms-win-crt-runtime-l1-1-0 0000000180030a84     ucrt:api-ms-win-crt-runtime-l1-1-0.dll
 0002:00001a98       __NULL_IMPORT_DESCRIPTOR   0000000180030a98     libmwblas:libmwblas.dll
 0003:000037f8       DYNAMIC_DIMENSION          00000001800357f8     CGMRES_sfun_registry.obj
 0003:00005db0       __security_cookie          0000000180037db0     MSVCRT:gs_cookie.obj
 0003:00005db8       __security_cookie_complement 0000000180037db8     MSVCRT:gs_cookie.obj
 0003:00005dc0       _fltused                   0000000180037dc0     MSVCRT:dllsupp.obj
 0003:00005dd0       __scrt_native_dllmain_reason 0000000180037dd0     MSVCRT:utility.obj
 0003:00005dd8       __isa_available            0000000180037dd8     MSVCRT:_cpu_disp_.obj
 0003:00005ddc       __isa_enabled              0000000180037ddc     MSVCRT:_cpu_disp_.obj
 0003:00005de0       __memcpy_nt_iters          0000000180037de0     MSVCRT:_cpu_disp_.obj
 0003:00005df0       __scrt_ucrt_dll_is_in_use  0000000180037df0     MSVCRT:ucrt_stubs.obj
 0003:00006808       __scrt_current_native_startup_state 0000000180038808     MSVCRT:utility.obj
 0003:00006810       __scrt_native_startup_lock 0000000180038810     MSVCRT:utility.obj
 0003:00006850       ?__type_info_root_node@@3U__type_info_node@@A 0000000180038850     MSVCRT:tncleanup.obj
 0003:00006860       ?_OptionsStorage@?1??__local_stdio_printf_options@@9@4_KA 0000000180038860     MSVCRT:default_local_stdio_options.obj
 0003:00006868       ?_OptionsStorage@?1??__local_stdio_scanf_options@@9@4_KA 0000000180038868     MSVCRT:default_local_stdio_options.obj
 0003:00006870       __scrt_debugger_hook_flag  0000000180038870     MSVCRT:utility_desktop.obj
 0003:00006874       __favor                    0000000180038874     MSVCRT:_cpu_disp_.obj
 0003:00006878       ?_OptionsStorage@?1??__local_stdio_scanf_options@@9@9 0000000180038878     <common>
 0003:00006880       ?_OptionsStorage@?1??__local_stdio_printf_options@@9@9 0000000180038880     <common>
 0003:00006888       __dyn_tls_init_callback    0000000180038888     <common>

 entry point at        0001:0002cac8

 Static symbols

 0000:00000000       .debug$S                   0000000180000000     kernel32:KERNEL32.dll
 0000:00000000       .debug$S                   0000000180000000     CGMRES_sfun.exp
 0000:00000000       .debug$S                   0000000180000000     libmex:libmex.dll
 0002:fffd1000       __guard_fids__             0000000180000000     MSVCRT:guard_support.obj
 0000:00000000       .debug$S                   0000000180000000     libmex:libmex.dll
 0000:00000000       .debug$S                   0000000180000000     libmx:libmx.dll
 0002:fffd1000       __guard_fids_?dllmain_crt_process_attach@@YAHQEAUHINSTANCE__@@QEAX@Z 0000000180000000     MSVCRT:dll_dllmain.obj
 0000:00000000       .debug$S                   0000000180000000     libmx:libmx.dll
 0000:00000000       .debug$S                   0000000180000000     libut:libut.dll
 0000:00000000       .debug$S                   0000000180000000     ucrt:api-ms-win-crt-heap-l1-1-0.dll
 0000:00000000       .debug$S                   0000000180000000     libmx:libmx.dll
 0000:00000000       .debug$S                   0000000180000000     ucrt:api-ms-win-crt-heap-l1-1-0.dll
 0000:00000000       .debug$S                   0000000180000000     libut:libut.dll
 0000:00000000       .debug$S                   0000000180000000     ucrt:api-ms-win-crt-math-l1-1-0.dll
 0000:00000000       .debug$S                   0000000180000000     libmwblas:libmwblas.dll
 0000:00000000       .debug$S                   0000000180000000     ucrt:api-ms-win-crt-math-l1-1-0.dll
 0000:00000000       .debug$S                   0000000180000000     libmex:libmex.dll
 0000:00000000       .debug$S                   0000000180000000     ucrt:api-ms-win-crt-math-l1-1-0.dll
 0000:00000000       .debug$S                   0000000180000000     sf_runtime:sf_runtime.dll
 0000:00000000       .debug$S                   0000000180000000     ucrt:api-ms-win-crt-math-l1-1-0.dll
 0000:00000000       .debug$S                   0000000180000000     sf_runtime:sf_runtime.dll
 0000:00000000       .debug$S                   0000000180000000     ucrt:api-ms-win-crt-math-l1-1-0.dll
 0000:00000000       .debug$S                   0000000180000000     sf_runtime:sf_runtime.dll
 0000:00000000       .debug$S                   0000000180000000     ucrt:api-ms-win-crt-math-l1-1-0.dll
 0000:00000000       .debug$S                   0000000180000000     sf_runtime:sf_runtime.dll
 0000:00000000       .debug$S                   0000000180000000     ucrt:api-ms-win-crt-math-l1-1-0.dll
 0000:00000000       .debug$S                   0000000180000000     sf_runtime:sf_runtime.dll
 0000:00000000       .debug$S                   0000000180000000     ucrt:api-ms-win-crt-math-l1-1-0.dll
 0000:00000000       .debug$S                   0000000180000000     sf_runtime:sf_runtime.dll
 0000:00000000       .debug$S                   0000000180000000     ucrt:api-ms-win-crt-runtime-l1-1-0.dll
 0000:00000000       .debug$S                   0000000180000000     sf_runtime:sf_runtime.dll
 0000:00000000       .debug$S                   0000000180000000     ucrt:api-ms-win-crt-runtime-l1-1-0.dll
 0000:00000000       .debug$S                   0000000180000000     sf_runtime:sf_runtime.dll
 0000:00000000       .debug$S                   0000000180000000     ucrt:api-ms-win-crt-runtime-l1-1-0.dll
 0000:00000000       .debug$S                   0000000180000000     sf_runtime:sf_runtime.dll
 0000:00000000       .debug$S                   0000000180000000     ucrt:api-ms-win-crt-runtime-l1-1-0.dll
 0000:00000000       .debug$S                   0000000180000000     sf_runtime:sf_runtime.dll
 0000:00000000       .debug$S                   0000000180000000     ucrt:api-ms-win-crt-runtime-l1-1-0.dll
 0000:00000000       .debug$S                   0000000180000000     sf_runtime:sf_runtime.dll
 0000:00000000       .debug$S                   0000000180000000     ucrt:api-ms-win-crt-runtime-l1-1-0.dll
 0000:00000000       .debug$S                   0000000180000000     sf_runtime:sf_runtime.dll
 0000:00000000       .debug$S                   0000000180000000     ucrt:api-ms-win-crt-runtime-l1-1-0.dll
 0000:00000000       .debug$S                   0000000180000000     sf_runtime:sf_runtime.dll
 0000:00000000       .debug$S                   0000000180000000     ucrt:api-ms-win-crt-runtime-l1-1-0.dll
 0000:00000000       .debug$S                   0000000180000000     sf_runtime:sf_runtime.dll
 0000:00000000       .debug$S                   0000000180000000     ucrt:api-ms-win-crt-runtime-l1-1-0.dll
 0000:00000000       .debug$S                   0000000180000000     sf_runtime:sf_runtime.dll
 0000:00000000       .debug$S                   0000000180000000     ucrt:api-ms-win-crt-runtime-l1-1-0.dll
 0000:00000000       .debug$S                   0000000180000000     sf_runtime:sf_runtime.dll
 0000:00000000       .debug$S                   0000000180000000     ucrt:api-ms-win-crt-runtime-l1-1-0.dll
 0000:00000000       .debug$S                   0000000180000000     sf_runtime:sf_runtime.dll
 0000:00000000       .debug$S                   0000000180000000     sf_runtime:sf_runtime.dll
 0000:00000000       .debug$S                   0000000180000000     sf_runtime:sf_runtime.dll
 0000:00000000       .debug$S                   0000000180000000     ucrt:api-ms-win-crt-stdio-l1-1-0.dll
 0000:00000000       .debug$S                   0000000180000000     sf_runtime:sf_runtime.dll
 0000:00000000       .debug$S                   0000000180000000     ucrt:api-ms-win-crt-stdio-l1-1-0.dll
 0000:00000000       .debug$S                   0000000180000000     sf_runtime:sf_runtime.dll
 0000:00000000       .debug$S                   0000000180000000     sf_runtime:sf_runtime.dll
 0000:00000000       .debug$S                   0000000180000000     sf_runtime:sf_runtime.dll
 0000:00000000       .debug$S                   0000000180000000     ucrt:api-ms-win-crt-string-l1-1-0.dll
 0000:00000000       .debug$S                   0000000180000000     sf_runtime:sf_runtime.dll
 0000:00000000       .debug$S                   0000000180000000     ucrt:api-ms-win-crt-string-l1-1-0.dll
 0000:00000000       .debug$S                   0000000180000000     sf_runtime:sf_runtime.dll
 0000:00000000       .debug$S                   0000000180000000     ucrt:api-ms-win-crt-string-l1-1-0.dll
 0000:00000000       .debug$S                   0000000180000000     sf_runtime:sf_runtime.dll
 0000:00000000       .debug$S                   0000000180000000     ucrt:api-ms-win-crt-utility-l1-1-0.dll
 0000:00000000       .debug$S                   0000000180000000     sf_runtime:sf_runtime.dll
 0000:00000000       .debug$S                   0000000180000000     ucrt:api-ms-win-crt-utility-l1-1-0.dll
 0000:00000000       .debug$S                   0000000180000000     sf_runtime:sf_runtime.dll
 0000:00000000       .debug$S                   0000000180000000     sf_runtime:sf_runtime.dll
 0000:00000000       .debug$S                   0000000180000000     sf_runtime:sf_runtime.dll
 0000:00000000       .debug$S                   0000000180000000     vcruntime:VCRUNTIME140.dll
 0000:00000000       .debug$S                   0000000180000000     libmex:libmex.dll
 0000:00000000       .debug$S                   0000000180000000     vcruntime:VCRUNTIME140.dll
 0000:00000000       .debug$S                   0000000180000000     libmex:libmex.dll
 0000:00000000       .debug$S                   0000000180000000     vcruntime:VCRUNTIME140.dll
 0000:00000000       .debug$S                   0000000180000000     sf_runtime:sf_runtime.dll
 0000:00000000       .debug$S                   0000000180000000     vcruntime:VCRUNTIME140.dll
 0000:00000000       .debug$S                   0000000180000000     sf_runtime:sf_runtime.dll
 0000:00000000       .debug$S                   0000000180000000     vcruntime:VCRUNTIME140.dll
 0000:00000000       .debug$S                   0000000180000000     sf_runtime:sf_runtime.dll
[...]
 0004:00000864       $pdata$_CreateSimStruct    0000000180039864     CGMRES_sfun_registry.obj
 0004:00000870       $pdata$_ProcessMexSfunctionCmdLineCall 0000000180039870     CGMRES_sfun_registry.obj
 0004:0000087c       $pdata$ReportIndexOutOfBoundsError 000000018003987c     CGMRES_sfun_registry.obj
 0004:00000888       $pdata$_vsnprintf_l        0000000180039888     CGMRES_sfun_registry.obj
 0004:00000894       $pdata$_vsprintf_l         0000000180039894     CGMRES_sfun_registry.obj
 0004:000008a0       $pdata$sprintf             00000001800398a0     CGMRES_sfun_registry.obj
 0004:000008ac       $pdata$cs_di_add           00000001800398ac     cs_add_ri.obj
 0004:000008b8       $pdata$cs_ci_add           00000001800398b8     cs_add_ci.obj
 0004:000008c4       $pdata$cs_di_amd           00000001800398c4     cs_amd_ri.obj
 0004:000008d0       $pdata$cs_wclear           00000001800398d0     cs_amd_ri.obj
 0004:000008dc       $pdata$cs_diag             00000001800398dc     cs_amd_ri.obj
 0004:000008e8       $pdata$cs_ci_amd           00000001800398e8     cs_amd_ci.obj
 0004:000008f4       $pdata$cs_wclear           00000001800398f4     cs_amd_ci.obj
 0004:00000900       $pdata$cs_diag             0000000180039900     cs_amd_ci.obj
 0004:0000090c       $pdata$cs_di_chol          000000018003990c     cs_chol_ri.obj
 0004:00000918       $pdata$cs_ci_chol          0000000180039918     cs_chol_ci.obj
 0004:00000924       $pdata$cs_di_cholsol       0000000180039924     cs_cholsol_ri.obj
 0004:00000930       $pdata$cs_ci_cholsol       0000000180039930     cs_cholsol_ci.obj
 0004:0000093c       $pdata$cs_di_counts        000000018003993c     cs_counts_ri.obj
 0004:00000948       $pdata$init_ata            0000000180039948     cs_counts_ri.obj
 0004:00000954       $pdata$cs_ci_counts        0000000180039954     cs_counts_ci.obj
 0004:00000960       $pdata$init_ata            0000000180039960     cs_counts_ci.obj
 0004:0000096c       $pdata$cs_di_cumsum        000000018003996c     cs_cumsum_ri.obj
 0004:00000978       $pdata$cs_ci_cumsum        0000000180039978     cs_cumsum_ci.obj
 0004:00000984       $pdata$cs_di_dfs           0000000180039984     cs_dfs_ri.obj
 0004:00000990       $pdata$cs_ci_dfs           0000000180039990     cs_dfs_ci.obj
 0004:0000099c       $pdata$cs_di_dmperm        000000018003999c     cs_dmperm_ri.obj
 0004:000009a8       $pdata$cs_bfs              00000001800399a8     cs_dmperm_ri.obj
 0004:000009b4       $pdata$cs_matched          00000001800399b4     cs_dmperm_ri.obj
 0004:000009c0       $pdata$cs_unmatched        00000001800399c0     cs_dmperm_ri.obj
 0004:000009cc       $pdata$cs_rprune           00000001800399cc     cs_dmperm_ri.obj
 0004:000009d8       $pdata$cs_ci_dmperm        00000001800399d8     cs_dmperm_ci.obj
 0004:000009e4       $pdata$cs_bfs              00000001800399e4     cs_dmperm_ci.obj
 0004:000009f0       $pdata$cs_matched          00000001800399f0     cs_dmperm_ci.obj
 0004:000009fc       $pdata$cs_unmatched        00000001800399fc     cs_dmperm_ci.obj
 0004:00000a08       $pdata$cs_rprune           0000000180039a08     cs_dmperm_ci.obj
 0004:00000a14       $pdata$cs_di_droptol       0000000180039a14     cs_droptol_ri.obj
 0004:00000a20       $pdata$cs_tol              0000000180039a20     cs_droptol_ri.obj
 0004:00000a2c       $pdata$cs_ci_droptol       0000000180039a2c     cs_droptol_ci.obj
 0004:00000a38       $pdata$cs_tol              0000000180039a38     cs_droptol_ci.obj
 0004:00000a44       $pdata$cs_di_dropzeros     0000000180039a44     cs_dropzeros_ri.obj
 0004:00000a50       $pdata$cs_nonzero          0000000180039a50     cs_dropzeros_ri.obj
 0004:00000a5c       $pdata$cs_ci_dropzeros     0000000180039a5c     cs_dropzeros_ci.obj
 0004:00000a68       $pdata$cs_nonzero          0000000180039a68     cs_dropzeros_ci.obj
 0004:00000a74       $pdata$cs_di_dupl          0000000180039a74     cs_dupl_ri.obj
 0004:00000a80       $pdata$cs_ci_dupl          0000000180039a80     cs_dupl_ci.obj
 0004:00000a8c       $pdata$cs_di_entry         0000000180039a8c     cs_entry_ri.obj
 0004:00000a98       $pdata$cs_ci_entry         0000000180039a98     cs_entry_ci.obj
 0004:00000aa4       $pdata$cs_di_etree         0000000180039aa4     cs_etree_ri.obj
 0004:00000ab0       $pdata$cs_ci_etree         0000000180039ab0     cs_etree_ci.obj
 0004:00000abc       $pdata$cs_di_fkeep         0000000180039abc     cs_fkeep_ri.obj
 0004:00000ac8       $pdata$cs_ci_fkeep         0000000180039ac8     cs_fkeep_ci.obj
 0004:00000ad4       $pdata$cs_di_gaxpy         0000000180039ad4     cs_gaxpy_ri.obj
 0004:00000ae0       $pdata$cs_ci_gaxpy         0000000180039ae0     cs_gaxpy_ci.obj
 0004:00000aec       $pdata$cs_di_happly        0000000180039aec     cs_happly_ri.obj
 0004:00000af8       $pdata$cs_ci_happly        0000000180039af8     cs_happly_ci.obj
 0004:00000b04       $pdata$cs_di_house         0000000180039b04     cs_house_ri.obj
 0004:00000b10       $pdata$cs_ci_house         0000000180039b10     cs_house_ci.obj
 0004:00000b1c       $pdata$cs_di_ipvec         0000000180039b1c     cs_ipvec_ri.obj
 0004:00000b28       $pdata$cs_ci_ipvec         0000000180039b28     cs_ipvec_ci.obj
 0004:00000b34       $pdata$cs_di_load          0000000180039b34     cs_load_ri.obj
 0004:00000b40       $pdata$_vfscanf_l          0000000180039b40     cs_load_ri.obj
 0004:00000b4c       $pdata$fscanf              0000000180039b4c     cs_load_ri.obj
 0004:00000b58       $pdata$cs_ci_load          0000000180039b58     cs_load_ci.obj
 0004:00000b64       $pdata$cs_di_lsolve        0000000180039b64     cs_lsolve_ri.obj
 0004:00000b70       $pdata$cs_ci_lsolve        0000000180039b70     cs_lsolve_ci.obj
 0004:00000b7c       $pdata$cs_di_ltsolve       0000000180039b7c     cs_ltsolve_ri.obj
 0004:00000b88       $pdata$cs_ci_ltsolve       0000000180039b88     cs_ltsolve_ci.obj
 0004:00000b94       $pdata$cs_di_lu            0000000180039b94     cs_lu_ri.obj
 0004:00000ba0       $pdata$cs_ci_lu            0000000180039ba0     cs_lu_ci.obj
 0004:00000bac       $pdata$cs_di_lusol         0000000180039bac     cs_lusol_ri.obj
 0004:00000bb8       $pdata$cs_ci_lusol         0000000180039bb8     cs_lusol_ci.obj
 0004:00000bc4       $pdata$cs_di_calloc        0000000180039bc4     cs_malloc_ri.obj
 0004:00000bd0       $pdata$cs_di_free          0000000180039bd0     cs_malloc_ri.obj
 0004:00000bdc       $pdata$cs_di_realloc       0000000180039bdc     cs_malloc_ri.obj
 0004:00000be8       $pdata$cs_di_malloc        0000000180039be8     cs_malloc_ri.obj
 0004:00000bf4       $pdata$cs_ci_calloc        0000000180039bf4     cs_malloc_ci.obj
 0004:00000c00       $pdata$cs_ci_free          0000000180039c00     cs_malloc_ci.obj
 0004:00000c0c       $pdata$cs_ci_realloc       0000000180039c0c     cs_malloc_ci.obj
 0004:00000c18       $pdata$cs_ci_malloc        0000000180039c18     cs_malloc_ci.obj
 0004:00000c24       $pdata$cs_di_maxtrans      0000000180039c24     cs_maxtrans_ri.obj
 0004:00000c30       $pdata$cs_augment          0000000180039c30     cs_maxtrans_ri.obj
 0004:00000c3c       $pdata$cs_ci_maxtrans      0000000180039c3c     cs_maxtrans_ci.obj
 0004:00000c48       $pdata$cs_augment          0000000180039c48     cs_maxtrans_ci.obj
 0004:00000c54       $pdata$cs_di_multiply      0000000180039c54     cs_multiply_ri.obj
 0004:00000c60       $pdata$cs_ci_multiply      0000000180039c60     cs_multiply_ci.obj
 0004:00000c6c       $pdata$cs_di_norm          0000000180039c6c     cs_norm_ri.obj
 0004:00000c78       $pdata$cs_ci_norm          0000000180039c78     cs_norm_ci.obj
 0004:00000c84       $pdata$cs_di_permute       0000000180039c84     cs_permute_ri.obj
 0004:00000c90       $pdata$cs_ci_permute       0000000180039c90     cs_permute_ci.obj
 0004:00000c9c       $pdata$cs_di_pinv          0000000180039c9c     cs_pinv_ri.obj
 0004:00000ca8       $pdata$cs_ci_pinv          0000000180039ca8     cs_pinv_ci.obj
 0004:00000cb4       $pdata$cs_di_post          0000000180039cb4     cs_post_ri.obj
 0004:00000cc0       $pdata$cs_ci_post          0000000180039cc0     cs_post_ci.obj
 0004:00000ccc       $pdata$cs_di_print         0000000180039ccc     cs_print_ri.obj
 0004:00000cd8       $pdata$cs_ci_print         0000000180039cd8     cs_print_ci.obj
 0004:00000ce4       $pdata$cs_di_pvec          0000000180039ce4     cs_pvec_ri.obj
 0004:00000cf0       $pdata$cs_ci_pvec          0000000180039cf0     cs_pvec_ci.obj
 0004:00000cfc       $pdata$cs_di_qr            0000000180039cfc     cs_qr_ri.obj
 0004:00000d08       $pdata$cs_ci_qr            0000000180039d08     cs_qr_ci.obj
 0004:00000d14       $pdata$cs_di_qrsol         0000000180039d14     cs_qrsol_ri.obj
 0004:00000d20       $pdata$cs_ci_qrsol         0000000180039d20     cs_qrsol_ci.obj
 0004:00000d2c       $pdata$cs_di_scatter       0000000180039d2c     cs_scatter_ri.obj
 0004:00000d38       $pdata$cs_ci_scatter       0000000180039d38     cs_scatter_ci.obj
 0004:00000d44       $pdata$cs_di_scc           0000000180039d44     cs_scc_ri.obj
 0004:00000d50       $pdata$cs_ci_scc           0000000180039d50     cs_scc_ci.obj
 0004:00000d5c       $pdata$cs_di_schol         0000000180039d5c     cs_schol_ri.obj
 0004:00000d68       $pdata$cs_ci_schol         0000000180039d68     cs_schol_ci.obj
 0004:00000d74       $pdata$cs_di_sqr           0000000180039d74     cs_sqr_ri.obj
 0004:00000d80       $pdata$cs_vcount           0000000180039d80     cs_sqr_ri.obj
 0004:00000d8c       $pdata$cs_ci_sqr           0000000180039d8c     cs_sqr_ci.obj
 0004:00000d98       $pdata$cs_vcount           0000000180039d98     cs_sqr_ci.obj
 0004:00000da4       $pdata$cs_di_symperm       0000000180039da4     cs_symperm_ri.obj
 0004:00000db0       $pdata$cs_ci_symperm       0000000180039db0     cs_symperm_ci.obj
 0004:00000dbc       $pdata$cs_di_tdfs          0000000180039dbc     cs_tdfs_ri.obj
 0004:00000dc8       $pdata$cs_ci_tdfs          0000000180039dc8     cs_tdfs_ci.obj
 0004:00000dd4       $pdata$cs_di_transpose     0000000180039dd4     cs_transpose_ri.obj
 0004:00000de0       $pdata$cs_ci_transpose     0000000180039de0     cs_transpose_ci.obj
 0004:00000dec       $pdata$cs_di_compress      0000000180039dec     cs_compress_ri.obj
 0004:00000df8       $pdata$cs_ci_compress      0000000180039df8     cs_compress_ci.obj
 0004:00000e04       $pdata$cs_di_updown        0000000180039e04     cs_updown_ri.obj
 0004:00000e10       $pdata$cs_ci_updown        0000000180039e10     cs_updown_ci.obj
 0004:00000e1c       $pdata$cs_di_usolve        0000000180039e1c     cs_usolve_ri.obj
 0004:00000e28       $pdata$cs_ci_usolve        0000000180039e28     cs_usolve_ci.obj
 0004:00000e34       $pdata$cs_di_utsolve       0000000180039e34     cs_utsolve_ri.obj
 0004:00000e40       $pdata$cs_ci_utsolve       0000000180039e40     cs_utsolve_ci.obj
 0004:00000e4c       $pdata$cs_di_spalloc       0000000180039e4c     cs_util_ri.obj
 0004:00000e58       $pdata$cs_di_spfree        0000000180039e58     cs_util_ri.obj
 0004:00000e64       $pdata$cs_di_sprealloc     0000000180039e64     cs_util_ri.obj
 0004:00000e70       $pdata$cs_di_sfree         0000000180039e70     cs_util_ri.obj
 0004:00000e7c       $pdata$cs_di_nfree         0000000180039e7c     cs_util_ri.obj
 0004:00000e88       $pdata$cs_di_dfree         0000000180039e88     cs_util_ri.obj
 0004:00000e94       $pdata$cs_di_dalloc        0000000180039e94     cs_util_ri.obj
 0004:00000ea0       $pdata$cs_di_done          0000000180039ea0     cs_util_ri.obj
 0004:00000eac       $pdata$cs_di_idone         0000000180039eac     cs_util_ri.obj
 0004:00000eb8       $pdata$cs_di_ndone         0000000180039eb8     cs_util_ri.obj
 0004:00000ec4       $pdata$cs_di_ddone         0000000180039ec4     cs_util_ri.obj
 0004:00000ed0       $pdata$cs_ci_spalloc       0000000180039ed0     cs_util_ci.obj
 0004:00000edc       $pdata$cs_ci_spfree        0000000180039edc     cs_util_ci.obj
 0004:00000ee8       $pdata$cs_ci_sprealloc     0000000180039ee8     cs_util_ci.obj
 0004:00000ef4       $pdata$cs_ci_sfree         0000000180039ef4     cs_util_ci.obj
 0004:00000f00       $pdata$cs_ci_nfree         0000000180039f00     cs_util_ci.obj
 0004:00000f0c       $pdata$cs_ci_dfree         0000000180039f0c     cs_util_ci.obj
 0004:00000f18       $pdata$cs_ci_dalloc        0000000180039f18     cs_util_ci.obj
 0004:00000f24       $pdata$cs_ci_done          0000000180039f24     cs_util_ci.obj
 0004:00000f30       $pdata$cs_ci_idone         0000000180039f30     cs_util_ci.obj
 0004:00000f3c       $pdata$cs_ci_ndone         0000000180039f3c     cs_util_ci.obj
 0004:00000f48       $pdata$cs_ci_ddone         0000000180039f48     cs_util_ci.obj
 0004:00000f54       $pdata$cs_di_reach         0000000180039f54     cs_reach_ri.obj
 0004:00000f60       $pdata$cs_ci_reach         0000000180039f60     cs_reach_ci.obj
 0004:00000f6c       $pdata$cs_di_spsolve       0000000180039f6c     cs_spsolve_ri.obj
 0004:00000f78       $pdata$cs_ci_spsolve       0000000180039f78     cs_spsolve_ci.obj
 0004:00000f84       $pdata$cs_di_ereach        0000000180039f84     cs_ereach_ri.obj
 0004:00000f90       $pdata$cs_ci_ereach        0000000180039f90     cs_ereach_ci.obj
 0004:00000f9c       $pdata$cs_di_leaf          0000000180039f9c     cs_leaf_ri.obj
 0004:00000fa8       $pdata$cs_ci_leaf          0000000180039fa8     cs_leaf_ci.obj
 0004:00000fb4       $pdata$cs_di_randperm      0000000180039fb4     cs_randperm_ri.obj
 0004:00000fc0       $pdata$cs_ci_randperm      0000000180039fc0     cs_randperm_ci.obj
 0004:00000fcc       $pdata$cs_di_equalcc       0000000180039fcc     cs_operator_ri.obj
 0004:00000fd8       $pdata$cs_di_sqrt          0000000180039fd8     cs_operator_ri.obj
 0004:00000fe4       $pdata$cs_ci_divcc         0000000180039fe4     cs_operator_ci.obj
 0004:00000ff0       $pdata$cs_ci_mulcc         0000000180039ff0     cs_operator_ci.obj
 0004:00000ffc       $pdata$cs_ci_subcc         0000000180039ffc     cs_operator_ci.obj
 0004:00001008       $pdata$cs_ci_pluscc        000000018003a008     cs_operator_ci.obj
 0004:00001014       $pdata$cs_ci_equalcc       000000018003a014     cs_operator_ci.obj
 0004:00001020       $pdata$cs_ci_createFromDouble 000000018003a020     cs_operator_ci.obj
 0004:0000102c       $pdata$cs_ci_sqrt          000000018003a02c     cs_operator_ci.obj
 0004:00001038       $pdata$cs_ci_flipSign      000000018003a038     cs_operator_ci.obj
 0004:00001044       $pdata$cs_ci_muldc         000000018003a044     cs_operator_ci.obj
 0004:00001050       $pdata$solve_from_lu_di    000000018003a050     solve_from_lu.obj
 0004:0000105c       $pdata$solve_from_lu_ci    000000018003a05c     solve_from_lu.obj
 0004:00001068       $pdata$solve_from_qr_di    000000018003a068     solve_from_qr.obj
 0004:00001074       $pdata$qr_rank_di          000000018003a074     solve_from_qr.obj
 0004:00001080       $pdata$solve_from_qr_ci    000000018003a080     solve_from_qr.obj
 0004:0000108c       $pdata$qr_rank_ci          000000018003a08c     solve_from_qr.obj
 0004:00001098       $pdata$makeCXSparseMatrix  000000018003a098     makeCXSparseMatrix.obj
 0004:000010a4       $pdata$makeComplexCXSparseMatrix 000000018003a0a4     makeCXSparseMatrix.obj
 0004:000010b0       $pdata$unpackCXSparse_ci   000000018003a0b0     unpackCXStruct.obj
 0004:000010bc       $pdata$unpackCXSparse_di   000000018003a0bc     unpackCXStruct.obj
 0004:000010c8       $pdata$__raise_securityfailure 000000018003a0c8     MSVCRT:gs_report.obj
 0004:000010d4       $pdata$__report_gsfailure  000000018003a0d4     MSVCRT:gs_report.obj
 0004:000010e0       $pdata$__report_rangecheckfailure 000000018003a0e0     MSVCRT:gs_report.obj
 0004:000010ec       $pdata$__report_securityfailure 000000018003a0ec     MSVCRT:gs_report.obj
 0004:000010f8       $pdata$__report_securityfailureEx 000000018003a0f8     MSVCRT:gs_report.obj
 0004:00001104       $pdata$capture_current_context 000000018003a104     MSVCRT:gs_report.obj
 0004:00001110       $pdata$capture_previous_context 000000018003a110     MSVCRT:gs_report.obj
 0004:0000111c       $pdata$__GSHandlerCheck    000000018003a11c     MSVCRT:_gshandler_.obj
 0004:00001128       $pdata$__GSHandlerCheckCommon 000000018003a128     MSVCRT:_gshandler_.obj
 0004:0000114c       $pdata$?dllmain_crt_dispatch@@YAHQEAUHINSTANCE__@@KQEAX@Z 000000018003a14c     MSVCRT:dll_dllmain.obj
 0004:00001158       $pdata$?dllmain_crt_process_attach@@YAHQEAUHINSTANCE__@@QEAX@Z 000000018003a158     MSVCRT:dll_dllmain.obj
 0004:00001164       $pdata$?dllmain_crt_process_detach@@YAH_N@Z 000000018003a164     MSVCRT:dll_dllmain.obj
 0004:00001170       $pdata$?dllmain_dispatch@@YAHQEAUHINSTANCE__@@KQEAX@Z 000000018003a170     MSVCRT:dll_dllmain.obj
 0004:0000117c       $pdata$?dllmain_raw@@YAHQEAUHINSTANCE__@@KQEAX@Z 000000018003a17c     MSVCRT:dll_dllmain.obj
 0004:00001188       $pdata$_DllMainCRTStartup  000000018003a188     MSVCRT:dll_dllmain.obj
 0004:00001194       $pdata$__scrt_acquire_startup_lock 000000018003a194     MSVCRT:utility.obj
 0004:000011a0       $pdata$__scrt_dllmain_after_initialize_c 000000018003a1a0     MSVCRT:utility.obj
 0004:000011ac       $pdata$__scrt_dllmain_before_initialize_c 000000018003a1ac     MSVCRT:utility.obj
 0004:000011b8       $pdata$__scrt_dllmain_crt_thread_attach 000000018003a1b8     MSVCRT:utility.obj
 0004:000011c4       $pdata$__scrt_dllmain_crt_thread_detach 000000018003a1c4     MSVCRT:utility.obj
 0004:000011d0       $pdata$__scrt_dllmain_exception_filter 000000018003a1d0     MSVCRT:utility.obj
 0004:000011dc       $pdata$__scrt_dllmain_uninitialize_c 000000018003a1dc     MSVCRT:utility.obj
 0004:000011e8       $pdata$__scrt_dllmain_uninitialize_critical 000000018003a1e8     MSVCRT:utility.obj
 0004:000011f4       $pdata$__scrt_initialize_crt 000000018003a1f4     MSVCRT:utility.obj
 0004:00001200       $pdata$__scrt_initialize_onexit_tables 000000018003a200     MSVCRT:utility.obj
 0004:0000120c       $pdata$__scrt_is_nonwritable_in_current_image 000000018003a20c     MSVCRT:utility.obj
 0004:00001218       $pdata$__scrt_release_startup_lock 000000018003a218     MSVCRT:utility.obj
 0004:00001224       $pdata$__scrt_uninitialize_crt 000000018003a224     MSVCRT:utility.obj
 0004:00001230       $pdata$_onexit             000000018003a230     MSVCRT:utility.obj
 0004:0000123c       $pdata$atexit              000000018003a23c     MSVCRT:utility.obj
 0004:00001248       $pdata$__security_init_cookie 000000018003a248     MSVCRT:gs_support.obj
 0004:00001254       $pdata$DllMain             000000018003a254     MSVCRT:dll_dllmain_stub.obj
 0004:00001260       $pdata$__scrt_initialize_default_local_stdio_options 000000018003a260     MSVCRT:default_local_stdio_options.obj
 0004:0000126c       $pdata$__scrt_fastfail     000000018003a26c     MSVCRT:utility_desktop.obj
 0004:00001278       $pdata$__scrt_get_show_window_mode 000000018003a278     MSVCRT:utility_desktop.obj
 0004:00001284       $pdata$__scrt_is_managed_app 000000018003a284     MSVCRT:utility_desktop.obj
 0004:00001290       $pdata$__scrt_unhandled_exception_filter 000000018003a290     MSVCRT:utility_desktop.obj
 0004:0000129c       $pdata$_RTC_Initialize     000000018003a29c     MSVCRT:_initsect_.obj
 0004:000012a8       $pdata$_RTC_Terminate      000000018003a2a8     MSVCRT:_initsect_.obj
 0004:000012b4       $pdata$__isa_available_init 000000018003a2b4     MSVCRT:_cpu_disp_.obj
 0004:000012cc       $pdata$?fin$0@?0??dllmain_crt_process_attach@@YAHQEAUHINSTANCE__@@QEAX@Z@4HA 000000018003a2cc     MSVCRT:dll_dllmain.obj
 0004:000012d8       $pdata$?fin$0@?0??dllmain_crt_process_detach@@YAH_N@Z@4HA 000000018003a2d8     MSVCRT:dll_dllmain.obj
 0004:000012e4       $pdata$?filt$0@?0??dllmain_dispatch@@YAHQEAUHINSTANCE__@@KQEAX@Z@4HA 000000018003a2e4     MSVCRT:dll_dllmain.obj
 0004:000012f0       $pdata$__scrt_is_nonwritable_in_current_image$filt$0 000000018003a2f0     MSVCRT:utility.obj
